Component: ARM Compiler 5.06 update 2 (build 183) Tool: armlink [4d35b7]

==============================================================================

Section Cross References

    startup_stm32f429xx.o(RESET) refers to startup_stm32f429xx.o(STACK) for __initial_sp
    startup_stm32f429xx.o(RESET) refers to startup_stm32f429xx.o(.text) for Reset_Handler
    startup_stm32f429xx.o(RESET) refers to stm32f4xx_it.o(i.NMI_Handler) for NMI_Handler
    startup_stm32f429xx.o(RESET) refers to stm32f4xx_it.o(i.HardFault_Handler) for HardFault_Handler
    startup_stm32f429xx.o(RESET) refers to stm32f4xx_it.o(i.MemManage_Handler) for MemManage_Handler
    startup_stm32f429xx.o(RESET) refers to stm32f4xx_it.o(i.BusFault_Handler) for BusFault_Handler
    startup_stm32f429xx.o(RESET) refers to stm32f4xx_it.o(i.UsageFault_Handler) for UsageFault_Handler
    startup_stm32f429xx.o(RESET) refers to stm32f4xx_it.o(i.SVC_Handler) for SVC_Handler
    startup_stm32f429xx.o(RESET) refers to stm32f4xx_it.o(i.DebugMon_Handler) for DebugMon_Handler
    startup_stm32f429xx.o(RESET) refers to stm32f4xx_it.o(i.PendSV_Handler) for PendSV_Handler
    startup_stm32f429xx.o(RESET) refers to stm32f4xx_it.o(i.SysTick_Handler) for SysTick_Handler
    startup_stm32f429xx.o(RESET) refers to stm32f4xx_it.o(i.EXTI2_IRQHandler) for EXTI2_IRQHandler
    startup_stm32f429xx.o(RESET) refers to stm32f4xx_it.o(i.EXTI3_IRQHandler) for EXTI3_IRQHandler
    startup_stm32f429xx.o(RESET) refers to stm32f4xx_it.o(i.EXTI4_IRQHandler) for EXTI4_IRQHandler
    startup_stm32f429xx.o(RESET) refers to stm32f4xx_it.o(i.TIM2_IRQHandler) for TIM2_IRQHandler
    startup_stm32f429xx.o(RESET) refers to stm32f4xx_it.o(i.DMA2_Stream2_IRQHandler) for DMA2_Stream2_IRQHandler
    startup_stm32f429xx.o(RESET) refers to stm32f4xx_it.o(i.OTG_FS_IRQHandler) for OTG_FS_IRQHandler
    startup_stm32f429xx.o(.text) refers to system_stm32f4xx.o(i.SystemInit) for SystemInit
    startup_stm32f429xx.o(.text) refers to entry.o(.ARM.Collect$$$$00000000) for __main
    task_main.o(i.BootCheck) refers to stm32f4xx_hal_rtc_ex.o(i.HAL_RTCEx_BKUPWrite) for HAL_RTCEx_BKUPWrite
    task_main.o(i.BootCheck) refers to stm32f4xx_hal_rtc_ex.o(i.HAL_RTCEx_BKUPRead) for HAL_RTCEx_BKUPRead
    task_main.o(i.BootCheck) refers to uart.o(i.Uart2_Printf) for Uart2_Printf
    task_main.o(i.BootCheck) refers to task_main.o(i.Buzzer_On) for Buzzer_On
    task_main.o(i.BootCheck) refers to task_main.o(.data) for .data
    task_main.o(i.BootCheck) refers to main.o(.bss) for hrtc
    task_main.o(i.Buzzer_On) refers to stm32f4xx_hal_gpio.o(i.HAL_GPIO_WritePin) for HAL_GPIO_WritePin
    task_main.o(i.Buzzer_On) refers to stm32f4xx_hal.o(i.HAL_Delay) for HAL_Delay
    task_main.o(i.Delay_us) refers to main.o(.bss) for htim1
    task_main.o(i.EXTI_Test) refers to uart.o(i.Uart1_Printf) for Uart1_Printf
    task_main.o(i.EXTI_Test) refers to task_main.o(.data) for .data
    task_main.o(i.ReadID) refers to stm32f4xx_hal_gpio.o(i.HAL_GPIO_ReadPin) for HAL_GPIO_ReadPin
    task_main.o(i.ReadID) refers to task_main.o(.data) for .data
    task_main.o(i.Reset_Duty) refers to task_main.o(i.Reset_OCTimer) for Reset_OCTimer
    task_main.o(i.Reset_Duty) refers to tray.o(.data) for dutycycle
    task_main.o(i.Reset_Duty) refers to main.o(.bss) for htim2
    task_main.o(i.Reset_OCTimer) refers to tray.o(.data) for ocTimer
    task_main.o(i.SendStatus) refers to printfa.o(i.__0sprintf) for __2sprintf
    task_main.o(i.SendStatus) refers to tray.o(i.get_OperationStatus) for get_OperationStatus
    task_main.o(i.SendStatus) refers to stm32f4xx_hal_gpio.o(i.HAL_GPIO_ReadPin) for HAL_GPIO_ReadPin
    task_main.o(i.SendStatus) refers to strlen.o(.text) for strlen
    task_main.o(i.SendStatus) refers to stm32f4xx_hal_uart.o(i.HAL_UART_Transmit) for HAL_UART_Transmit
    task_main.o(i.SendStatus) refers to task_main.o(.data) for .data
    task_main.o(i.SendStatus) refers to task_main.o(.bss) for .bss
    task_main.o(i.SendStatus) refers to tray.o(.data) for ocFlag
    task_main.o(i.SendStatus) refers to tray.o(.data) for prev_ECT1
    task_main.o(i.SendStatus) refers to main.o(.bss) for huart1
    task_main.o(i.Sensor_Test) refers to stm32f4xx_hal_gpio.o(i.HAL_GPIO_ReadPin) for HAL_GPIO_ReadPin
    task_main.o(i.Sensor_Test) refers to uart.o(i.Uart2_Printf) for Uart2_Printf
    task_main.o(i.Sensor_Test) refers to uart.o(i.Uart1_Printf) for Uart1_Printf
    task_main.o(i.Sensor_Test) refers to task_main.o(.data) for .data
    task_main.o(i.Sol_On_Off) refers to stm32f4xx_hal_gpio.o(i.HAL_GPIO_WritePin) for HAL_GPIO_WritePin
    task_main.o(i.Sol_On_Off) refers to stm32f4xx_hal.o(i.HAL_Delay) for HAL_Delay
    task_main.o(i.Task_Main) refers to uart.o(i.Uart2_Printf) for Uart2_Printf
    task_main.o(i.Task_Main) refers to task_main.o(i.Buzzer_On) for Buzzer_On
    task_main.o(i.Task_Main) refers to stm32f4xx_hal_rtc_ex.o(i.HAL_RTCEx_BKUPRead) for HAL_RTCEx_BKUPRead
[...]
    _printf_g                                0x00000000   Number         0  stubs.o ABSOLUTE
    _printf_i                                0x00000000   Number         0  stubs.o ABSOLUTE
    _printf_int_dec                          0x00000000   Number         0  stubs.o ABSOLUTE
    _printf_l                                0x00000000   Number         0  stubs.o ABSOLUTE
    _printf_lc                               0x00000000   Number         0  stubs.o ABSOLUTE
    _printf_ll                               0x00000000   Number         0  stubs.o ABSOLUTE
    _printf_lld                              0x00000000   Number         0  stubs.o ABSOLUTE
    _printf_lli                              0x00000000   Number         0  stubs.o ABSOLUTE
    _printf_llo                              0x00000000   Number         0  stubs.o ABSOLUTE
    _printf_llu                              0x00000000   Number         0  stubs.o ABSOLUTE
    _printf_llx                              0x00000000   Number         0  stubs.o ABSOLUTE
    _printf_longlong_dec                     0x00000000   Number         0  stubs.o ABSOLUTE
    _printf_longlong_hex                     0x00000000   Number         0  stubs.o ABSOLUTE
    _printf_longlong_oct                     0x00000000   Number         0  stubs.o ABSOLUTE
    _printf_ls                               0x00000000   Number         0  stubs.o ABSOLUTE
    _printf_mbtowc                           0x00000000   Number         0  stubs.o ABSOLUTE
    _printf_n                                0x00000000   Number         0  stubs.o ABSOLUTE
    _printf_o                                0x00000000   Number         0  stubs.o ABSOLUTE
    _printf_p                                0x00000000   Number         0  stubs.o ABSOLUTE
    _printf_percent                          0x00000000   Number         0  stubs.o ABSOLUTE
    _printf_pre_padding                      0x00000000   Number         0  stubs.o ABSOLUTE
    _printf_return_value                     0x00000000   Number         0  stubs.o ABSOLUTE
    _printf_s                                0x00000000   Number         0  stubs.o ABSOLUTE
    _printf_sizespec                         0x00000000   Number         0  stubs.o ABSOLUTE
    _printf_str                              0x00000000   Number         0  stubs.o ABSOLUTE
    _printf_truncate_signed                  0x00000000   Number         0  stubs.o ABSOLUTE
    _printf_truncate_unsigned                0x00000000   Number         0  stubs.o ABSOLUTE
    _printf_u                                0x00000000   Number         0  stubs.o ABSOLUTE
    _printf_wc                               0x00000000   Number         0  stubs.o ABSOLUTE
    _printf_wctomb                           0x00000000   Number         0  stubs.o ABSOLUTE
    _printf_widthprec                        0x00000000   Number         0  stubs.o ABSOLUTE
    _printf_x                                0x00000000   Number         0  stubs.o ABSOLUTE
    __cpp_initialize__aeabi_                  - Undefined Weak Reference
    __cxa_finalize                            - Undefined Weak Reference
    __decompress                              - Undefined Weak Reference
    _clock_init                               - Undefined Weak Reference
    _microlib_exit                            - Undefined Weak Reference
    __Vectors_Size                           0x000001ac   Number         0  startup_stm32f429xx.o ABSOLUTE
    __Vectors                                0x08000000   Data           4  startup_stm32f429xx.o(RESET)
    __Vectors_End                            0x080001ac   Data           0  startup_stm32f429xx.o(RESET)
    __main                                   0x080001ad   Thumb Code     0  entry.o(.ARM.Collect$$$$00000000)
    _main_stk                                0x080001ad   Thumb Code     0  entry2.o(.ARM.Collect$$$$00000001)
    _main_scatterload                        0x080001b1   Thumb Code     0  entry5.o(.ARM.Collect$$$$00000004)
    __main_after_scatterload                 0x080001b5   Thumb Code     0  entry5.o(.ARM.Collect$$$$00000004)
    _main_clock                              0x080001b5   Thumb Code     0  entry7b.o(.ARM.Collect$$$$00000008)
    _main_cpp_init                           0x080001b5   Thumb Code     0  entry8b.o(.ARM.Collect$$$$0000000A)
    _main_init                               0x080001b5   Thumb Code     0  entry9a.o(.ARM.Collect$$$$0000000B)
    __rt_final_cpp                           0x080001bd   Thumb Code     0  entry10a.o(.ARM.Collect$$$$0000000D)
    __rt_final_exit                          0x080001bd   Thumb Code     0  entry11a.o(.ARM.Collect$$$$0000000F)
    Reset_Handler                            0x080001c1   Thumb Code     8  startup_stm32f429xx.o(.text)
    ADC_IRQHandler                           0x080001db   Thumb Code     0  startup_stm32f429xx.o(.text)
    CAN1_RX0_IRQHandler                      0x080001db   Thumb Code     0  startup_stm32f429xx.o(.text)
    CAN1_RX1_IRQHandler                      0x080001db   Thumb Code     0  startup_stm32f429xx.o(.text)
    CAN1_SCE_IRQHandler                      0x080001db   Thumb Code     0  startup_stm32f429xx.o(.text)
    CAN1_TX_IRQHandler                       0x080001db   Thumb Code     0  startup_stm32f429xx.o(.text)
    CAN2_RX0_IRQHandler                      0x080001db   Thumb Code     0  startup_stm32f429xx.o(.text)
    CAN2_RX1_IRQHandler                      0x080001db   Thumb Code     0  startup_stm32f429xx.o(.text)
    CAN2_SCE_IRQHandler                      0x080001db   Thumb Code     0  startup_stm32f429xx.o(.text)
    CAN2_TX_IRQHandler                       0x080001db   Thumb Code     0  startup_stm32f429xx.o(.text)
    DCMI_IRQHandler                          0x080001db   Thumb Code     0  startup_stm32f429xx.o(.text)
    DMA1_Stream0_IRQHandler                  0x080001db   Thumb Code     0  startup_stm32f429xx.o(.text)
    DMA1_Stream1_IRQHandler                  0x080001db   Thumb Code     0  startup_stm32f429xx.o(.text)
    DMA1_Stream2_IRQHandler                  0x080001db   Thumb Code     0  startup_stm32f429xx.o(.text)
    DMA1_Stream3_IRQHandler                  0x080001db   Thumb Code     0  startup_stm32f429xx.o(.text)
    DMA1_Stream4_IRQHandler                  0x080001db   Thumb Code     0  startup_stm32f429xx.o(.text)
    DMA1_Stream5_IRQHandler                  0x080001db   Thumb Code     0  startup_stm32f429xx.o(.text)
    DMA1_Stream6_IRQHandler                  0x080001db   Thumb Code     0  startup_stm32f429xx.o(.text)
    DMA1_Stream7_IRQHandler                  0x080001db   Thumb Code     0  startup_stm32f429xx.o(.text)
    DMA2D_IRQHandler                         0x080001db   Thumb Code     0  startup_stm32f429xx.o(.text)
    DMA2_Stream0_IRQHandler                  0x080001db   Thumb Code     0  startup_stm32f429xx.o(.text)
    DMA2_Stream1_IRQHandler                  0x080001db   Thumb Code     0  startup_stm32f429xx.o(.text)
    DMA2_Stream3_IRQHandler                  0x080001db   Thumb Code     0  startup_stm32f429xx.o(.text)
    DMA2_Stream4_IRQHandler                  0x080001db   Thumb Code     0  startup_stm32f429xx.o(.text)
    DMA2_Stream5_IRQHandler                  0x080001db   Thumb Code     0  startup_stm32f429xx.o(.text)
    DMA2_Stream6_IRQHandler                  0x080001db   Thumb Code     0  startup_stm32f429xx.o(.text)
    DMA2_Stream7_IRQHandler                  0x080001db   Thumb Code     0  startup_stm32f429xx.o(.text)
    ETH_IRQHandler                           0x080001db   Thumb Code     0  startup_stm32f429xx.o(.text)
    ETH_WKUP_IRQHandler                      0x080001db   Thumb Code     0  startup_stm32f429xx.o(.text)
    EXTI0_IRQHandler                         0x080001db   Thumb Code     0  startup_stm32f429xx.o(.text)
    EXTI15_10_IRQHandler                     0x080001db   Thumb Code     0  startup_stm32f429xx.o(.text)
    EXTI1_IRQHandler                         0x080001db   Thumb Code     0  startup_stm32f429xx.o(.text)
    EXTI9_5_IRQHandler                       0x080001db   Thumb Code     0  startup_stm32f429xx.o(.text)
    FLASH_IRQHandler                         0x080001db   Thumb Code     0  startup_stm32f429xx.o(.text)
    FMC_IRQHandler                           0x080001db   Thumb Code     0  startup_stm32f429xx.o(.text)
    FPU_IRQHandler                           0x080001db   Thumb Code     0  startup_stm32f429xx.o(.text)
    HASH_RNG_IRQHandler                      0x080001db   Thumb Code     0  startup_stm32f429xx.o(.text)
    I2C1_ER_IRQHandler                       0x080001db   Thumb Code     0  startup_stm32f429xx.o(.text)
    I2C1_EV_IRQHandler                       0x080001db   Thumb Code     0  startup_stm32f429xx.o(.text)
    I2C2_ER_IRQHandler                       0x080001db   Thumb Code     0  startup_stm32f429xx.o(.text)
    I2C2_EV_IRQHandler                       0x080001db   Thumb Code     0  startup_stm32f429xx.o(.text)
    I2C3_ER_IRQHandler                       0x080001db   Thumb Code     0  startup_stm32f429xx.o(.text)
    I2C3_EV_IRQHandler                       0x080001db   Thumb Code     0  startup_stm32f429xx.o(.text)
    LTDC_ER_IRQHandler                       0x080001db   Thumb Code     0  startup_stm32f429xx.o(.text)
    LTDC_IRQHandler                          0x080001db   Thumb Code     0  startup_stm32f429xx.o(.text)
    OTG_FS_WKUP_IRQHandler                   0x080001db   Thumb Code     0  startup_stm32f429xx.o(.text)
    OTG_HS_EP1_IN_IRQHandler                 0x080001db   Thumb Code     0  startup_stm32f429xx.o(.text)
    OTG_HS_EP1_OUT_IRQHandler                0x080001db   Thumb Code     0  startup_stm32f429xx.o(.text)
    OTG_HS_IRQHandler                        0x080001db   Thumb Code     0  startup_stm32f429xx.o(.text)
    OTG_HS_WKUP_IRQHandler                   0x080001db   Thumb Code     0  startup_stm32f429xx.o(.text)
    PVD_IRQHandler                           0x080001db   Thumb Code     0  startup_stm32f429xx.o(.text)
    RCC_IRQHandler                           0x080001db   Thumb Code     0  startup_stm32f429xx.o(.text)
    RTC_Alarm_IRQHandler                     0x080001db   Thumb Code     0  startup_stm32f429xx.o(.text)
    RTC_WKUP_IRQHandler                      0x080001db   Thumb Code     0  startup_stm32f429xx.o(.text)
    SAI1_IRQHandler                          0x080001db   Thumb Code     0  startup_stm32f429xx.o(.text)
    SDIO_IRQHandler                          0x080001db   Thumb Code     0  startup_stm32f429xx.o(.text)
    SPI1_IRQHandler                          0x080001db   Thumb Code     0  startup_stm32f429xx.o(.text)
    SPI2_IRQHandler                          0x080001db   Thumb Code     0  startup_stm32f429xx.o(.text)
    SPI3_IRQHandler                          0x080001db   Thumb Code     0  startup_stm32f429xx.o(.text)
    SPI4_IRQHandler                          0x080001db   Thumb Code     0  startup_stm32f429xx.o(.text)
    SPI5_IRQHandler                          0x080001db   Thumb Code     0  startup_stm32f429xx.o(.text)
    SPI6_IRQHandler                          0x080001db   Thumb Code     0  startup_stm32f429xx.o(.text)
    TAMP_STAMP_IRQHandler                    0x080001db   Thumb Code     0  startup_stm32f429xx.o(.text)
    TIM1_BRK_TIM9_IRQHandler                 0x080001db   Thumb Code     0  startup_stm32f429xx.o(.text)
    TIM1_CC_IRQHandler                       0x080001db   Thumb Code     0  startup_stm32f429xx.o(.text)
    TIM1_TRG_COM_TIM11_IRQHandler            0x080001db   Thumb Code     0  startup_stm32f429xx.o(.text)
    TIM1_UP_TIM10_IRQHandler                 0x080001db   Thumb Code     0  startup_stm32f429xx.o(.text)
    TIM3_IRQHandler                          0x080001db   Thumb Code     0  startup_stm32f429xx.o(.text)
    TIM4_IRQHandler                          0x080001db   Thumb Code     0  startup_stm32f429xx.o(.text)
    TIM5_IRQHandler                          0x080001db   Thumb Code     0  startup_stm32f429xx.o(.text)
    TIM6_DAC_IRQHandler                      0x080001db   Thumb Code     0  startup_stm32f429xx.o(.text)
    TIM7_IRQHandler                          0x080001db   Thumb Code     0  startup_stm32f429xx.o(.text)
    TIM8_BRK_TIM12_IRQHandler                0x080001db   Thumb Code     0  startup_stm32f429xx.o(.text)
    TIM8_CC_IRQHandler                       0x080001db   Thumb Code     0  startup_stm32f429xx.o(.text)
    TIM8_TRG_COM_TIM14_IRQHandler            0x080001db   Thumb Code     0  startup_stm32f429xx.o(.text)
    TIM8_UP_TIM13_IRQHandler                 0x080001db   Thumb Code     0  startup_stm32f429xx.o(.text)
    UART4_IRQHandler                         0x080001db   Thumb Code     0  startup_stm32f429xx.o(.text)
    UART5_IRQHandler                         0x080001db   Thumb Code     0  startup_stm32f429xx.o(.text)
    UART7_IRQHandler                         0x080001db   Thumb Code     0  startup_stm32f429xx.o(.text)
    UART8_IRQHandler                         0x080001db   Thumb Code     0  startup_stm32f429xx.o(.text)
    USART1_IRQHandler                        0x080001db   Thumb Code     0  startup_stm32f429xx.o(.text)
    USART2_IRQHandler                        0x080001db   Thumb Code     0  startup_stm32f429xx.o(.text)
    USART3_IRQHandler                        0x080001db   Thumb Code     0  startup_stm32f429xx.o(.text)
    USART6_IRQHandler                        0x080001db   Thumb Code     0  startup_stm32f429xx.o(.text)
    WWDG_IRQHandler                          0x080001db   Thumb Code     0  startup_stm32f429xx.o(.text)
    __aeabi_uldivmod                         0x080001e5   Thumb Code    98  uldiv.o(.text)
    __aeabi_memcpy                           0x08000247   Thumb Code    36  memcpya.o(.text)
    __aeabi_memcpy4                          0x08000247   Thumb Code     0  memcpya.o(.text)
    __aeabi_memcpy8                          0x08000247   Thumb Code     0  memcpya.o(.text)
    __aeabi_memset                           0x0800026b   Thumb Code    14  memseta.o(.text)
    __aeabi_memset4                          0x0800026b   Thumb Code     0  memseta.o(.text)
    __aeabi_memset8                          0x0800026b   Thumb Code     0  memseta.o(.text)
    __aeabi_memclr                           0x08000279   Thumb Code     4  memseta.o(.text)
    __aeabi_memclr4                          0x08000279   Thumb Code     0  memseta.o(.text)
    __aeabi_memclr8                          0x08000279   Thumb Code     0  memseta.o(.text)
    _memset$wrapper                          0x0800027d   Thumb Code    18  memseta.o(.text)
    strlen                                   0x0800028f   Thumb Code    14  strlen.o(.text)
    strtok                                   0x0800029d   Thumb Code    62  strtok.o(.text)
    __aeabi_dmul                             0x080002e1   Thumb Code   228  dmul.o(.text)
    __aeabi_ddiv                             0x080003c5   Thumb Code   222  ddiv.o(.text)
    __aeabi_ui2d                             0x080004a3   Thumb Code    26  dfltui.o(.text)
    __aeabi_f2d                              0x080004bd   Thumb Code    38  f2d.o(.text)
    __aeabi_d2f                              0x080004e3   Thumb Code    56  d2f.o(.text)
    __aeabi_uidiv                            0x0800051b   Thumb Code     0  uidiv.o(.text)
    __aeabi_uidivmod                         0x0800051b   Thumb Code    44  uidiv.o(.text)
    __aeabi_llsl                             0x08000547   Thumb Code    30  llshl.o(.text)
    _ll_shift_l                              0x08000547   Thumb Code     0  llshl.o(.text)
    __aeabi_llsr                             0x08000565   Thumb Code    32  llushr.o(.text)
    _ll_ushift_r                             0x08000565   Thumb Code     0  llushr.o(.text)
    __I$use$fp                               0x08000585   Thumb Code     0  iusefp.o(.text)
    _float_round                             0x08000585   Thumb Code    18  fepilogue.o(.text)
    _float_epilogue                          0x08000597   Thumb Code    92  fepilogue.o(.text)
    _double_round                            0x080005f3   Thumb Code    30  depilogue.o(.text)
    _double_epilogue                         0x08000611   Thumb Code   156  depilogue.o(.text)
    __aeabi_dadd                             0x080006ad   Thumb Code   322  dadd.o(.text)
    __aeabi_dsub                             0x080007ef   Thumb Code     6  dadd.o(.text)
    __aeabi_drsub                            0x080007f5   Thumb Code     6  dadd.o(.text)
    __aeabi_d2ulz                            0x080007fb   Thumb Code    48  dfixul.o(.text)
    __aeabi_cdrcmple                         0x0800082d   Thumb Code    48  cdrcmple.o(.text)
    __scatterload                            0x0800085d   Thumb Code    28  init.o(.text)
    __scatterload_rt2                        0x0800085d   Thumb Code     0  init.o(.text)
    __aeabi_lasr                             0x08000881   Thumb Code    36  llsshr.o(.text)
    _ll_sshift_r                             0x08000881   Thumb Code     0  llsshr.o(.text)
    BusFault_Handler                         0x080009c9   Thumb Code     2  stm32f4xx_it.o(i.BusFault_Handler)
    Buzzer_On                                0x080009cd   Thumb Code    56  task_main.o(i.Buzzer_On)
    Check_DoorOpen                           0x08000a09   Thumb Code    98  tray.o(i.Check_DoorOpen)
    Check_EmergencyExit                      0x08000aa5   Thumb Code    28  tray.o(i.Check_EmergencyExit)
    Check_OperationError                     0x08000ad9   Thumb Code    46  tray.o(i.Check_OperationError)
    Check_OverCurrent                        0x08000b29   Thumb Code   118  tray.o(i.Check_OverCurrent)
    DMA2_Stream2_IRQHandler                  0x08000bf5   Thumb Code     6  stm32f4xx_it.o(i.DMA2_Stream2_IRQHandler)
    DMA_Process_Data                         0x08000c7d   Thumb Code   284  uart.o(i.DMA_Process_Data)
    DebugMon_Handler                         0x08000e29   Thumb Code     2  stm32f4xx_it.o(i.DebugMon_Handler)
    Delay_us                                 0x08000e2d   Thumb Code    18  task_main.o(i.Delay_us)
    EXTI2_IRQHandler                         0x08000e45   Thumb Code     6  stm32f4xx_it.o(i.EXTI2_IRQHandler)
    EXTI3_IRQHandler                         0x08000e4b   Thumb Code     6  stm32f4xx_it.o(i.EXTI3_IRQHandler)
    EXTI4_IRQHandler                         0x08000e51   Thumb Code     6  stm32f4xx_it.o(i.EXTI4_IRQHandler)
    Empty_tray                               0x08000e59   Thumb Code  1756  tray.o(i.Empty_tray)
    FATFS_LinkDriver                         0x08001585   Thumb Code     6  ff_gen_drv.o(i.FATFS_LinkDriver)
    FATFS_LinkDriverEx                       0x0800158d   Thumb Code    58  ff_gen_drv.o(i.FATFS_LinkDriverEx)
    Feed_tray                                0x080015cd   Thumb Code  1300  tray.o(i.Feed_tray)
    HAL_ADC_ConfigChannel                    0x08001ae1   Thumb Code   318  stm32f4xx_hal_adc.o(i.HAL_ADC_ConfigChannel)
    HAL_ADC_GetValue                         0x08001c35   Thumb Code     6  stm32f4xx_hal_adc.o(i.HAL_ADC_GetValue)
    HAL_ADC_Init                             0x08001c3b   Thumb Code    84  stm32f4xx_hal_adc.o(i.HAL_ADC_Init)
    HAL_ADC_MspInit                          0x08001c91   Thumb Code    80  stm32f4xx_hal_msp.o(i.HAL_ADC_MspInit)
    HAL_ADC_PollForConversion                0x08001cf5   Thumb Code   162  stm32f4xx_hal_adc.o(i.HAL_ADC_PollForConversion)
    HAL_ADC_Start                            0x08001d99   Thumb Code   170  stm32f4xx_hal_adc.o(i.HAL_ADC_Start)
    HAL_ADC_Stop                             0x08001e55   Thumb Code    60  stm32f4xx_hal_adc.o(i.HAL_ADC_Stop)
    HAL_CRC_Init                             0x08001e91   Thumb Code    38  stm32f4xx_hal_crc.o(i.HAL_CRC_Init)
    HAL_CRC_MspInit                          0x08001eb9   Thumb Code    30  stm32f4xx_hal_msp.o(i.HAL_CRC_MspInit)
    HAL_DMA_IRQHandler                       0x08001ee1   Thumb Code   412  stm32f4xx_hal_dma.o(i.HAL_DMA_IRQHandler)
    HAL_DMA_Init                             0x08002081   Thumb Code   206  stm32f4xx_hal_dma.o(i.HAL_DMA_Init)
    HAL_DMA_Start_IT                         0x08002155   Thumb Code   120  stm32f4xx_hal_dma.o(i.HAL_DMA_Start_IT)
    HAL_Delay                                0x080021cd   Thumb Code    32  stm32f4xx_hal.o(i.HAL_Delay)
    HAL_GPIO_EXTI_Callback                   0x080021f1   Thumb Code    32  stm32f4xx_it.o(i.HAL_GPIO_EXTI_Callback)
    HAL_GPIO_EXTI_IRQHandler                 0x08002219   Thumb Code    18  stm32f4xx_hal_gpio.o(i.HAL_GPIO_EXTI_IRQHandler)
    HAL_GPIO_Init                            0x08002231   Thumb Code   408  stm32f4xx_hal_gpio.o(i.HAL_GPIO_Init)
    HAL_GPIO_ReadPin                         0x080023fd   Thumb Code    10  stm32f4xx_hal_gpio.o(i.HAL_GPIO_ReadPin)
    HAL_GPIO_TogglePin                       0x08002407   Thumb Code     8  stm32f4xx_hal_gpio.o(i.HAL_GPIO_TogglePin)
    HAL_GPIO_WritePin                        0x0800240f   Thumb Code    10  stm32f4xx_hal_gpio.o(i.HAL_GPIO_WritePin)
    HAL_GetTick                              0x08002419   Thumb Code     6  stm32f4xx_hal.o(i.HAL_GetTick)
    HAL_HCD_Connect_Callback                 0x08002425   Thumb Code     8  usbh_conf.o(i.HAL_HCD_Connect_Callback)
    HAL_HCD_Disconnect_Callback              0x0800242d   Thumb Code     8  usbh_conf.o(i.HAL_HCD_Disconnect_Callback)
    HAL_HCD_GetCurrentFrame                  0x08002435   Thumb Code     6  stm32f4xx_hal_hcd.o(i.HAL_HCD_GetCurrentFrame)
    HAL_HCD_GetCurrentSpeed                  0x0800243b   Thumb Code     6  stm32f4xx_hal_hcd.o(i.HAL_HCD_GetCurrentSpeed)
    HAL_HCD_HC_GetURBState                   0x08002441   Thumb Code    14  stm32f4xx_hal_hcd.o(i.HAL_HCD_HC_GetURBState)
    HAL_HCD_HC_GetXferCount                  0x0800244f   Thumb Code    12  stm32f4xx_hal_hcd.o(i.HAL_HCD_HC_GetXferCount)
    HAL_HCD_HC_Halt                          0x0800245b   Thumb Code    36  stm32f4xx_hal_hcd.o(i.HAL_HCD_HC_Halt)
    HAL_HCD_HC_Init                          0x0800247f   Thumb Code    84  stm32f4xx_hal_hcd.o(i.HAL_HCD_HC_Init)
    HAL_HCD_HC_NotifyURBChange_Callback      0x080024d3   Thumb Code     2  usbh_conf.o(i.HAL_HCD_HC_NotifyURBChange_Callback)
    HAL_HCD_HC_SubmitRequest                 0x080024d5   Thumb Code   182  stm32f4xx_hal_hcd.o(i.HAL_HCD_HC_SubmitRequest)
    HAL_HCD_IRQHandler                       0x0800258d   Thumb Code   302  stm32f4xx_hal_hcd.o(i.HAL_HCD_IRQHandler)
    HAL_HCD_Init                             0x080026bb   Thumb Code    90  stm32f4xx_hal_hcd.o(i.HAL_HCD_Init)
    HAL_HCD_MspInit                          0x08002715   Thumb Code    92  usbh_conf.o(i.HAL_HCD_MspInit)
    HAL_HCD_ResetPort                        0x08002779   Thumb Code     6  stm32f4xx_hal_hcd.o(i.HAL_HCD_ResetPort)
    HAL_HCD_SOF_Callback                     0x0800277f   Thumb Code     8  usbh_conf.o(i.HAL_HCD_SOF_Callback)
    HAL_HCD_Start                            0x08002787   Thumb Code    44  stm32f4xx_hal_hcd.o(i.HAL_HCD_Start)
    HAL_HCD_Stop                             0x080027b3   Thumb Code    36  stm32f4xx_hal_hcd.o(i.HAL_HCD_Stop)
    HAL_IncTick                              0x080027d9   Thumb Code    12  stm32f4xx_hal.o(i.HAL_IncTick)
    HAL_Init                                 0x080027e9   Thumb Code    48  stm32f4xx_hal.o(i.HAL_Init)
    HAL_InitTick                             0x0800281d   Thumb Code    54  stm32f4xx_hal.o(i.HAL_InitTick)
    HAL_MspInit                              0x0800285d   Thumb Code   126  stm32f4xx_hal_msp.o(i.HAL_MspInit)
    HAL_NVIC_EnableIRQ                       0x080028e1   Thumb Code    22  stm32f4xx_hal_cortex.o(i.HAL_NVIC_EnableIRQ)
    HAL_NVIC_SetPriority                     0x080028f9   Thumb Code    60  stm32f4xx_hal_cortex.o(i.HAL_NVIC_SetPriority)
    HAL_NVIC_SetPriorityGrouping             0x08002939   Thumb Code    26  stm32f4xx_hal_cortex.o(i.HAL_NVIC_SetPriorityGrouping)
    HAL_RCCEx_PeriphCLKConfig                0x0800295d   Thumb Code   528  stm32f4xx_hal_rcc_ex.o(i.HAL_RCCEx_PeriphCLKConfig)
    HAL_RCC_ClockConfig                      0x08002b91   Thumb Code   286  stm32f4xx_hal_rcc.o(i.HAL_RCC_ClockConfig)
    HAL_RCC_GetHCLKFreq                      0x08002cc1   Thumb Code     6  stm32f4xx_hal_rcc.o(i.HAL_RCC_GetHCLKFreq)
    HAL_RCC_GetPCLK1Freq                     0x08002ccd   Thumb Code    20  stm32f4xx_hal_rcc.o(i.HAL_RCC_GetPCLK1Freq)
    HAL_RCC_GetPCLK2Freq                     0x08002ced   Thumb Code    20  stm32f4xx_hal_rcc.o(i.HAL_RCC_GetPCLK2Freq)
    HAL_RCC_GetSysClockFreq                  0x08002d0d   Thumb Code    88  stm32f4xx_hal_rcc.o(i.HAL_RCC_GetSysClockFreq)
    HAL_RCC_OscConfig                        0x08002d6d   Thumb Code   770  stm32f4xx_hal_rcc.o(i.HAL_RCC_OscConfig)
    HAL_RTCEx_BKUPRead                       0x08003089   Thumb Code    10  stm32f4xx_hal_rtc_ex.o(i.HAL_RTCEx_BKUPRead)
    HAL_RTCEx_BKUPWrite                      0x08003093   Thumb Code    10  stm32f4xx_hal_rtc_ex.o(i.HAL_RTCEx_BKUPWrite)
    HAL_RTC_Init                             0x0800309d   Thumb Code   166  stm32f4xx_hal_rtc.o(i.HAL_RTC_Init)
    HAL_RTC_MspInit                          0x08003149   Thumb Code    16  stm32f4xx_hal_msp.o(i.HAL_RTC_MspInit)
    HAL_RTC_WaitForSynchro                   0x08003161   Thumb Code    54  stm32f4xx_hal_rtc.o(i.HAL_RTC_WaitForSynchro)
    HAL_SYSTICK_CLKSourceConfig              0x08003197   Thumb Code    24  stm32f4xx_hal_cortex.o(i.HAL_SYSTICK_CLKSourceConfig)
    HAL_SYSTICK_Callback                     0x080031af   Thumb Code     2  stm32f4xx_hal_cortex.o(i.HAL_SYSTICK_Callback)
    HAL_SYSTICK_Config                       0x080031b1   Thumb Code    40  stm32f4xx_hal_cortex.o(i.HAL_SYSTICK_Config)
    HAL_SYSTICK_IRQHandler                   0x080031d9   Thumb Code     8  stm32f4xx_hal_cortex.o(i.HAL_SYSTICK_IRQHandler)
    HAL_TIMEx_BreakCallback                  0x080031e1   Thumb Code     2  stm32f4xx_hal_tim_ex.o(i.HAL_TIMEx_BreakCallback)
    HAL_TIMEx_CommutationCallback            0x080031e3   Thumb Code     2  stm32f4xx_hal_tim_ex.o(i.HAL_TIMEx_CommutationCallback)
    HAL_TIMEx_MasterConfigSynchronization    0x080031e5   Thumb Code    80  stm32f4xx_hal_tim_ex.o(i.HAL_TIMEx_MasterConfigSynchronization)
    HAL_TIM_Base_Init                        0x08003235   Thumb Code    54  stm32f4xx_hal_tim.o(i.HAL_TIM_Base_Init)
    HAL_TIM_Base_MspInit                     0x0800326d   Thumb Code    76  stm32f4xx_hal_msp.o(i.HAL_TIM_Base_MspInit)
    HAL_TIM_Base_Start                       0x080032c1   Thumb Code    26  stm32f4xx_hal_tim.o(i.HAL_TIM_Base_Start)
    HAL_TIM_ConfigClockSource                0x080032db   Thumb Code   242  stm32f4xx_hal_tim.o(i.HAL_TIM_ConfigClockSource)
    HAL_TIM_IC_CaptureCallback               0x080033cd   Thumb Code     2  stm32f4xx_hal_tim.o(i.HAL_TIM_IC_CaptureCallback)
    HAL_TIM_IRQHandler                       0x080033cf   Thumb Code   358  stm32f4xx_hal_tim.o(i.HAL_TIM_IRQHandler)
    HAL_TIM_MspPostInit                      0x08003535   Thumb Code    40  stm32f4xx_hal_msp.o(i.HAL_TIM_MspPostInit)
    HAL_TIM_OC_DelayElapsedCallback          0x08003561   Thumb Code     2  stm32f4xx_hal_tim.o(i.HAL_TIM_OC_DelayElapsedCallback)
    HAL_TIM_PWM_ConfigChannel                0x08003563   Thumb Code   208  stm32f4xx_hal_tim.o(i.HAL_TIM_PWM_ConfigChannel)
    HAL_TIM_PWM_Init                         0x08003633   Thumb Code    54  stm32f4xx_hal_tim.o(i.HAL_TIM_PWM_Init)
    HAL_TIM_PWM_MspInit                      0x08003669   Thumb Code     2  stm32f4xx_hal_tim.o(i.HAL_TIM_PWM_MspInit)
    HAL_TIM_PWM_PulseFinishedCallback        0x0800366b   Thumb Code     2  stm32f4xx_hal_tim.o(i.HAL_TIM_PWM_PulseFinishedCallback)
    HAL_TIM_PWM_Start                        0x0800366d   Thumb Code    48  stm32f4xx_hal_tim.o(i.HAL_TIM_PWM_Start)
    HAL_TIM_PWM_Stop                         0x080036a5   Thumb Code    84  stm32f4xx_hal_tim.o(i.HAL_TIM_PWM_Stop)
    HAL_TIM_PeriodElapsedCallback            0x08003701   Thumb Code    56  stm32f4xx_it.o(i.HAL_TIM_PeriodElapsedCallback)
    HAL_TIM_TriggerCallback                  0x08003745   Thumb Code     2  stm32f4xx_hal_tim.o(i.HAL_TIM_TriggerCallback)
    HAL_UART_ErrorCallback                   0x08003747   Thumb Code     2  stm32f4xx_hal_uart.o(i.HAL_UART_ErrorCallback)
    HAL_UART_Init                            0x08003749   Thumb Code    98  stm32f4xx_hal_uart.o(i.HAL_UART_Init)
    HAL_UART_MspInit                         0x080037ad   Thumb Code   188  stm32f4xx_hal_msp.o(i.HAL_UART_MspInit)
    HAL_UART_Receive_DMA                     0x080038a1   Thumb Code   138  stm32f4xx_hal_uart.o(i.HAL_UART_Receive_DMA)
    HAL_UART_RxCpltCallback                  0x08003939   Thumb Code    38  uart.o(i.HAL_UART_RxCpltCallback)
    HAL_UART_RxHalfCpltCallback              0x0800396d   Thumb Code     2  stm32f4xx_hal_uart.o(i.HAL_UART_RxHalfCpltCallback)
    HAL_UART_Transmit                        0x0800396f   Thumb Code   186  stm32f4xx_hal_uart.o(i.HAL_UART_Transmit)
    HardFault_Handler                        0x08003f8d   Thumb Code     2  stm32f4xx_it.o(i.HardFault_Handler)
    MX_FATFS_Init                            0x08003fe5   Thumb Code    18  fatfs.o(i.MX_FATFS_Init)
    MX_USB_HOST_Init                         0x080042ed   Thumb Code    30  usb_host.o(i.MX_USB_HOST_Init)
    MX_USB_HOST_Process                      0x08004319   Thumb Code     6  usb_host.o(i.MX_USB_HOST_Process)
    Manual_ModeEnd                           0x08004325   Thumb Code   528  tray.o(i.Manual_ModeEnd)
    Manual_TrayDown                          0x080045c1   Thumb Code   278  tray.o(i.Manual_TrayDown)
    Manual_TrayUP                            0x0800476d   Thumb Code   252  tray.o(i.Manual_TrayUP)
    MemManage_Handler                        0x080048c9   Thumb Code     2  stm32f4xx_it.o(i.MemManage_Handler)
    NMI_Handler                              0x080048cb   Thumb Code     2  stm32f4xx_it.o(i.NMI_Handler)
    OTG_FS_IRQHandler                        0x080048ed   Thumb Code     6  stm32f4xx_it.o(i.OTG_FS_IRQHandler)
    Op_Init                                  0x080048f9   Thumb Code    22  tray.o(i.Op_Init)
    PendSV_Handler                           0x08004919   Thumb Code     2  stm32f4xx_it.o(i.PendSV_Handler)
    RTC_EnterInitMode                        0x0800491d   Thumb Code    58  stm32f4xx_hal_rtc.o(i.RTC_EnterInitMode)
    ReadID                                   0x08004959   Thumb Code    90  task_main.o(i.ReadID)
    Read_Adc1                                0x080049bd   Thumb Code    58  adc.o(i.Read_Adc1)
    Reset_Duty                               0x080049fd   Thumb Code    32  task_main.o(i.Reset_Duty)
    Reset_OCTimer                            0x08004a25   Thumb Code    16  task_main.o(i.Reset_OCTimer)
    SVC_Handler                              0x08004a41   Thumb Code     2  stm32f4xx_it.o(i.SVC_Handler)
    SelectAdcChannel                         0x08004a45   Thumb Code   122  adc.o(i.SelectAdcChannel)
    SendStatus                               0x08004ad9   Thumb Code   416  task_main.o(i.SendStatus)
    Sol_On_Off                               0x08004d2d   Thumb Code    42  task_main.o(i.Sol_On_Off)
    SysTick_Handler                          0x08004d5d   Thumb Code   180  stm32f4xx_it.o(i.SysTick_Handler)
    SystemClock_Config                       0x08004e39   Thumb Code   176  main.o(i.SystemClock_Config)
    SystemInit                               0x08004ef1   Thumb Code    66  system_stm32f4xx.o(i.SystemInit)
    TIM2_IRQHandler                          0x08004f45   Thumb Code     6  stm32f4xx_it.o(i.TIM2_IRQHandler)
    TIM_Base_SetConfig                       0x08004f51   Thumb Code   148  stm32f4xx_hal_tim.o(i.TIM_Base_SetConfig)
    TIM_CCxChannelCmd                        0x08005011   Thumb Code    22  stm32f4xx_hal_tim.o(i.TIM_CCxChannelCmd)
    TIM_OC2_SetConfig                        0x080050a5   Thumb Code    90  stm32f4xx_hal_tim.o(i.TIM_OC2_SetConfig)
    Task_Main                                0x08005201   Thumb Code   542  task_main.o(i.Task_Main)
    TimeReset                                0x08005509   Thumb Code    14  task_main.o(i.TimeReset)
    TimeStop                                 0x0800551d   Thumb Code    12  task_main.o(i.TimeStop)
    Timeout                                  0x0800552d   Thumb Code    20  task_main.o(i.Timeout)
    Tray_Init                                0x08005545   Thumb Code   572  tray.o(i.Tray_Init)
    USBH_AllocPipe                           0x08005be1   Thumb Code    52  usbh_pipes.o(i.USBH_AllocPipe)
    USBH_BulkReceiveData                     0x08005c15   Thumb Code    32  usbh_ioreq.o(i.USBH_BulkReceiveData)
    USBH_BulkSendData                        0x08005c35   Thumb Code    40  usbh_ioreq.o(i.USBH_BulkSendData)
    USBH_ClosePipe                           0x08005c5d   Thumb Code    10  usbh_pipes.o(i.USBH_ClosePipe)
    USBH_ClrFeature                          0x08005c67   Thumb Code    30  usbh_ctlreq.o(i.USBH_ClrFeature)
    USBH_CtlReceiveData                      0x08005c85   Thumb Code    30  usbh_ioreq.o(i.USBH_CtlReceiveData)
    USBH_CtlReq                              0x08005ca3   Thumb Code    54  usbh_ctlreq.o(i.USBH_CtlReq)
    USBH_CtlSendData                         0x08005cd9   Thumb Code    40  usbh_ioreq.o(i.USBH_CtlSendData)
    USBH_CtlSendSetup                        0x08005d01   Thumb Code    30  usbh_ioreq.o(i.USBH_CtlSendSetup)
    USBH_Delay                               0x08005d1f   Thumb Code     4  usbh_conf.o(i.USBH_Delay)
    USBH_FindInterface                       0x08005d23   Thumb Code    68  usbh_core.o(i.USBH_FindInterface)
    USBH_FreePipe                            0x08005d67   Thumb Code    24  usbh_pipes.o(i.USBH_FreePipe)
    USBH_GetDescriptor                       0x08005d7f   Thumb Code    52  usbh_ctlreq.o(i.USBH_GetDescriptor)
    USBH_GetNextDesc                         0x08005db3   Thumb Code    14  usbh_ctlreq.o(i.USBH_GetNextDesc)
    USBH_Get_CfgDesc                         0x08005dc1   Thumb Code    44  usbh_ctlreq.o(i.USBH_Get_CfgDesc)
    USBH_Get_DevDesc                         0x08005ded   Thumb Code   154  usbh_ctlreq.o(i.USBH_Get_DevDesc)
    USBH_Get_StringDesc                      0x08005e87   Thumb Code    72  usbh_ctlreq.o(i.USBH_Get_StringDesc)
    USBH_Init                                0x0800613f   Thumb Code    48  usbh_core.o(i.USBH_Init)
    USBH_LL_ClosePipe                        0x0800616f   Thumb Code    32  usbh_conf.o(i.USBH_LL_ClosePipe)
    USBH_LL_Connect                          0x0800618f   Thumb Code    40  usbh_core.o(i.USBH_LL_Connect)
    USBH_LL_Disconnect                       0x080061b7   Thumb Code    56  usbh_core.o(i.USBH_LL_Disconnect)
    USBH_LL_DriverVBUS                       0x080061ef   Thumb Code    12  usbh_conf.o(i.USBH_LL_DriverVBUS)
    USBH_LL_GetLastXferSize                  0x080061fb   Thumb Code     8  usbh_conf.o(i.USBH_LL_GetLastXferSize)
    USBH_LL_GetSpeed                         0x08006203   Thumb Code    34  usbh_conf.o(i.USBH_LL_GetSpeed)
    USBH_LL_GetToggle                        0x08006225   Thumb Code    30  usbh_conf.o(i.USBH_LL_GetToggle)
    USBH_LL_GetURBState                      0x08006243   Thumb Code     8  usbh_conf.o(i.USBH_LL_GetURBState)
    USBH_LL_IncTimer                         0x0800624b   Thumb Code    30  usbh_core.o(i.USBH_LL_IncTimer)
    USBH_LL_Init                             0x08006269   Thumb Code    78  usbh_conf.o(i.USBH_LL_Init)
    USBH_LL_OpenPipe                         0x080062d1   Thumb Code    42  usbh_conf.o(i.USBH_LL_OpenPipe)
    USBH_LL_ResetPort                        0x080062fb   Thumb Code    32  usbh_conf.o(i.USBH_LL_ResetPort)
    USBH_LL_SetTimer                         0x0800631b   Thumb Code     6  usbh_core.o(i.USBH_LL_SetTimer)
    USBH_LL_SetToggle                        0x08006321   Thumb Code    32  usbh_conf.o(i.USBH_LL_SetToggle)
    USBH_LL_Start                            0x08006341   Thumb Code    32  usbh_conf.o(i.USBH_LL_Start)
    USBH_LL_Stop                             0x08006361   Thumb Code    32  usbh_conf.o(i.USBH_LL_Stop)
    USBH_LL_SubmitURB                        0x08006381   Thumb Code    48  usbh_conf.o(i.USBH_LL_SubmitURB)
    USBH_MSC_BOT_Init                        0x080063d1   Thumb Code    26  usbh_msc_bot.o(i.USBH_MSC_BOT_Init)
    USBH_MSC_BOT_Process                     0x080063f5   Thumb Code   470  usbh_msc_bot.o(i.USBH_MSC_BOT_Process)
    USBH_MSC_BOT_REQ_GetMaxLUN               0x080065d1   Thumb Code    22  usbh_msc_bot.o(i.USBH_MSC_BOT_REQ_GetMaxLUN)
    USBH_MSC_BOT_REQ_Reset                   0x080065e7   Thumb Code    22  usbh_msc_bot.o(i.USBH_MSC_BOT_REQ_Reset)
    USBH_MSC_GetLUNInfo                      0x08006669   Thumb Code    46  usbh_msc.o(i.USBH_MSC_GetLUNInfo)
    USBH_MSC_Read                            0x08006b4b   Thumb Code   138  usbh_msc.o(i.USBH_MSC_Read)
    USBH_MSC_SCSI_Inquiry                    0x08006bd5   Thumb Code   192  usbh_msc_scsi.o(i.USBH_MSC_SCSI_Inquiry)
    USBH_MSC_SCSI_Read                       0x08006c95   Thumb Code   124  usbh_msc_scsi.o(i.USBH_MSC_SCSI_Read)
    USBH_MSC_SCSI_ReadCapacity               0x08006d11   Thumb Code   122  usbh_msc_scsi.o(i.USBH_MSC_SCSI_ReadCapacity)
    USBH_MSC_SCSI_RequestSense               0x08006d8b   Thumb Code   146  usbh_msc_scsi.o(i.USBH_MSC_SCSI_RequestSense)
    USBH_MSC_SCSI_TestUnitReady              0x08006e1d   Thumb Code    76  usbh_msc_scsi.o(i.USBH_MSC_SCSI_TestUnitReady)
    USBH_MSC_SCSI_Write                      0x08006e69   Thumb Code   124  usbh_msc_scsi.o(i.USBH_MSC_SCSI_Write)
    USBH_MSC_UnitIsReady                     0x08006ee9   Thumb Code    38  usbh_msc.o(i.USBH_MSC_UnitIsReady)
    USBH_MSC_Write                           0x08006f0f   Thumb Code   138  usbh_msc.o(i.USBH_MSC_Write)
    USBH_OpenPipe                            0x08006f99   Thumb Code    20  usbh_pipes.o(i.USBH_OpenPipe)
    USBH_Process                             0x08007095   Thumb Code   360  usbh_core.o(i.USBH_Process)
    USBH_RegisterClass                       0x080071fd   Thumb Code    28  usbh_core.o(i.USBH_RegisterClass)
    USBH_SelectInterface                     0x08007219   Thumb Code    22  usbh_core.o(i.USBH_SelectInterface)
    USBH_SetAddress                          0x0800722f   Thumb Code    28  usbh_ctlreq.o(i.USBH_SetAddress)
    USBH_SetCfg                              0x0800724b   Thumb Code    28  usbh_ctlreq.o(i.USBH_SetCfg)
    USBH_Start                               0x08007267   Thumb Code    20  usbh_core.o(i.USBH_Start)
    USBH_initialize                          0x0800729d   Thumb Code     4  usbh_diskio.o(i.USBH_initialize)
    USBH_ioctl                               0x080072a1   Thumb Code    96  usbh_diskio.o(i.USBH_ioctl)
    USBH_read                                0x08007305   Thumb Code    62  usbh_diskio.o(i.USBH_read)
    USBH_status                              0x08007349   Thumb Code    20  usbh_diskio.o(i.USBH_status)
    USBH_write                               0x08007361   Thumb Code    70  usbh_diskio.o(i.USBH_write)
    USB_CoreInit                             0x080073ad   Thumb Code   104  stm32f4xx_ll_usb.o(i.USB_CoreInit)
    USB_DisableGlobalInt                     0x08007451   Thumb Code    12  stm32f4xx_ll_usb.o(i.USB_DisableGlobalInt)
    USB_DoPing                               0x0800745d   Thumb Code    60  stm32f4xx_ll_usb.o(i.USB_DoPing)
    USB_DriveVbus                            0x0800749d   Thumb Code    44  stm32f4xx_ll_usb.o(i.USB_DriveVbus)
    USB_EnableGlobalInt                      0x080074c9   Thumb Code    12  stm32f4xx_ll_usb.o(i.USB_EnableGlobalInt)
    USB_FlushRxFifo                          0x080074d5   Thumb Code    28  stm32f4xx_ll_usb.o(i.USB_FlushRxFifo)
    USB_FlushTxFifo                          0x080074f5   Thumb Code    32  stm32f4xx_ll_usb.o(i.USB_FlushTxFifo)
    USB_GetCurrentFrame                      0x08007519   Thumb Code     8  stm32f4xx_ll_usb.o(i.USB_GetCurrentFrame)
    USB_GetHostSpeed                         0x08007521   Thumb Code    14  stm32f4xx_ll_usb.o(i.USB_GetHostSpeed)
    USB_GetMode                              0x0800752f   Thumb Code     8  stm32f4xx_ll_usb.o(i.USB_GetMode)
    USB_HC_Halt                              0x08007537   Thumb Code   328  stm32f4xx_ll_usb.o(i.USB_HC_Halt)
    USB_HC_Init                              0x08007681   Thumb Code   234  stm32f4xx_ll_usb.o(i.USB_HC_Init)
    USB_HC_ReadInterrupt                     0x0800776b   Thumb Code    12  stm32f4xx_ll_usb.o(i.USB_HC_ReadInterrupt)
    USB_HC_StartXfer                         0x08007779   Thumb Code   386  stm32f4xx_ll_usb.o(i.USB_HC_StartXfer)
    USB_HostInit                             0x08007901   Thumb Code   192  stm32f4xx_ll_usb.o(i.USB_HostInit)
    USB_InitFSLSPClkSel                      0x080079d5   Thumb Code    54  stm32f4xx_ll_usb.o(i.USB_InitFSLSPClkSel)
    USB_ReadInterrupts                       0x08007a0b   Thumb Code     8  stm32f4xx_ll_usb.o(i.USB_ReadInterrupts)
    USB_ReadPacket                           0x08007a13   Thumb Code    32  stm32f4xx_ll_usb.o(i.USB_ReadPacket)
    USB_Ready                                0x08007a35   Thumb Code    60  task_main.o(i.USB_Ready)
    USB_ResetPort                            0x08007a95   Thumb Code    44  stm32f4xx_ll_usb.o(i.USB_ResetPort)
    USB_SetCurrentMode                       0x08007ac1   Thumb Code    44  stm32f4xx_ll_usb.o(i.USB_SetCurrentMode)
    USB_StopHost                             0x08007aed   Thumb Code   178  stm32f4xx_ll_usb.o(i.USB_StopHost)
    USB_WritePacket                          0x08007ba1   Thumb Code    40  stm32f4xx_ll_usb.o(i.USB_WritePacket)
    Uart2_Printf                             0x08007bc9   Thumb Code    60  uart.o(i.Uart2_Printf)
    UsageFault_Handler                       0x08007c09   Thumb Code     2  stm32f4xx_it.o(i.UsageFault_Handler)
    _Error_Handler                           0x08007c0b   Thumb Code     2  main.o(i._Error_Handler)
    __0sprintf                               0x08007c0d   Thumb Code    34  printfa.o(i.__0sprintf)
    __1sprintf                               0x08007c0d   Thumb Code     0  printfa.o(i.__0sprintf)
    __2sprintf                               0x08007c0d   Thumb Code     0  printfa.o(i.__0sprintf)
    __c89sprintf                             0x08007c0d   Thumb Code     0  printfa.o(i.__0sprintf)
    sprintf                                  0x08007c0d   Thumb Code     0  printfa.o(i.__0sprintf)
    __0vsprintf                              0x08007c35   Thumb Code    30  printfa.o(i.__0vsprintf)
    __1vsprintf                              0x08007c35   Thumb Code     0  printfa.o(i.__0vsprintf)
    __2vsprintf                              0x08007c35   Thumb Code     0  printfa.o(i.__0vsprintf)
    __c89vsprintf                            0x08007c35   Thumb Code     0  printfa.o(i.__0vsprintf)
    vsprintf                                 0x08007c35   Thumb Code     0  printfa.o(i.__0vsprintf)
    __scatterload_copy                       0x08007c59   Thumb Code    14  handlers.o(i.__scatterload_copy)
    __scatterload_null                       0x08007c67   Thumb Code     2  handlers.o(i.__scatterload_null)
    __scatterload_zeroinit                   0x08007c69   Thumb Code    14  handlers.o(i.__scatterload_zeroinit)
    free                                     0x08008515   Thumb Code    76  malloc.o(i.free)
    get_OperationStatus                      0x08008565   Thumb Code     6  tray.o(i.get_OperationStatus)
    main                                     0x08008571   Thumb Code   222  main.o(i.main)
    malloc                                   0x08008671   Thumb Code    92  malloc.o(i.malloc)
    measure_current                          0x080086dd   Thumb Code    48  adc.o(i.measure_current)
    zRobotIR1_Check                          0x0800871d   Thumb Code    40  tray.o(i.zRobotIR1_Check)
    zRobotIR2_Check                          0x08008749   Thumb Code    36  tray.o(i.zRobotIR2_Check)
    USBH_Driver                              0x08008770   Data          20  usbh_diskio.o(.constdata)
    AHBPrescTable                            0x0800878c   Data          16  system_stm32f4xx.o(.constdata)
    APBPrescTable                            0x0800879c   Data           8  system_stm32f4xx.o(.constdata)
    Region$$Table$$Base                      0x080087a8   Number         0  anon$$obj.o(Region$$Table)
    Region$$Table$$Limit                     0x080087c8   Number         0  anon$$obj.o(Region$$Table)
    SystemTickCount_ms                       0x20000000   Data           8  task_main.o(.data)
    SystemBlink_ms                           0x20000008   Data           8  task_main.o(.data)
    msgTick_ms                               0x20000010   Data           8  task_main.o(.data)
    rx_cnt                                   0x20000018   Data           1  task_main.o(.data)
    prev_tray                                0x20000019   Data           1  task_main.o(.data)
    reset                                    0x2000001a   Data           1  task_main.o(.data)
    bootloader_Flag                          0x2000001b   Data           1  task_main.o(.data)
    prev_Appli_state                         0x2000001c   Data           1  task_main.o(.data)
    tray                                     0x2000001d   Data           1  task_main.o(.data)
    encoder_cnt                              0x20000020   Data           4  task_main.o(.data)
    encoder_cntprev                          0x20000024   Data           4  task_main.o(.data)
    enc_A                                    0x20000028   Data           4  task_main.o(.data)
    enc_B                                    0x2000002c   Data           4  task_main.o(.data)
    enc_Z                                    0x20000030   Data           4  task_main.o(.data)
    prev_encA                                0x20000034   Data           4  task_main.o(.data)
    prev_encB                                0x20000038   Data           4  task_main.o(.data)
    prev_encZ                                0x2000003c   Data           4  task_main.o(.data)
    local_IP_INS                             0x20000040   Data           4  task_main.o(.data)
    local_IP_PASS                            0x20000044   Data           4  task_main.o(.data)
    local_IP_FAIL                            0x20000048   Data           4  task_main.o(.data)
    local_IP_EMPTY                           0x2000004c   Data           4  task_main.o(.data)
    pingcounter                              0x20000050   Data           4  task_main.o(.data)
    local_IP                                 0x20000054   Data           4  task_main.o(.data)
    strptr                                   0x20000058   Data           4  task_main.o(.data)
    door                                     0x2000005c   Data           5  task_main.o(.data)
    lim1                                     0x20000061   Data           5  task_main.o(.data)
    lim2                                     0x20000066   Data           5  task_main.o(.data)
    traydetect                               0x2000006b   Data           5  task_main.o(.data)
    tray_ht1                                 0x20000070   Data           5  task_main.o(.data)
    tray_ht2                                 0x20000075   Data           5  task_main.o(.data)
    percent                                  0x2000007a   Data           5  task_main.o(.data)
    timer_tick                               0x20000080   Data           8  task_main.o(.data)
    frame_match                              0x20000088   Data           1  uart.o(.data)
    rx_index                                 0x2000008a   Data           2  uart.o(.data)
    prev_door                                0x2000008c   Data           1  tray.o(.data)
    duty_change                              0x2000008d   Data           1  tray.o(.data)
    emg_exit                                 0x2000008e   Data           1  tray.o(.data)
    ocCheck_flag                             0x2000008f   Data           1  tray.o(.data)
    ocFlag                                   0x20000090   Data           1  tray.o(.data)
    OpErrFlag                                0x20000091   Data           1  tray.o(.data)
    tray_prevEmpty                           0x20000092   Data           1  tray.o(.data)
    tray_newlyfilled                         0x20000093   Data           1  tray.o(.data)
    opCheck_Flag                             0x20000094   Data           1  tray.o(.data)
    manual_mode                              0x20000095   Data           1  tray.o(.data)
    prev_manualmode                          0x20000096   Data           1  tray.o(.data)
    manual_direction                         0x20000097   Data           1  tray.o(.data)
    newmanual_direction                      0x20000098   Data           1  tray.o(.data)
    Z_RobotCheck_IR1                         0x20000099   Data           1  tray.o(.data)
    Z_RobotCheck_IR2                         0x2000009a   Data           1  tray.o(.data)
    ocTimer                                  0x2000009c   Data           4  tray.o(.data)
    ocTimeout                                0x200000a0   Data           4  tray.o(.data)
    start_encValue                           0x200000a4   Data           4  tray.o(.data)
    opTimecheck                              0x200000a8   Data           4  tray.o(.data)
    opTimevalue                              0x200000ac   Data           4  tray.o(.data)
    tray_level                               0x200000b0   Data           4  tray.o(.data)
    tray_encoder                             0x200000b4   Data           4  tray.o(.data)
    motor_current                            0x200000b8   Data           4  tray.o(.data)
    curr_limit                               0x200000bc   Data           8  tray.o(.data)
    dutycycle                                0x200000c4   Data           2  tray.o(.data)
    prev_LIM1                                0x200000c6   Data           1  tray.o(.data)
    prev_LIM2                                0x200000c7   Data           1  tray.o(.data)
    prev_ECT1                                0x200000c8   Data           1  tray.o(.data)
    hcrc                                     0x200000cc   Data           8  main.o(.data)
    retUSBH                                  0x200000d4   Data           1  fatfs.o(.data)
    USBHPath                                 0x200000d5   Data           4  fatfs.o(.data)
    Appli_state                              0x200000d9   Data           1  usb_host.o(.data)
    uwTickFreq                               0x200000dc   Data           1  stm32f4xx_hal.o(.data)
    uwTickPrio                               0x200000e0   Data           4  stm32f4xx_hal.o(.data)
    uwTick                                   0x200000e4   Data           4  stm32f4xx_hal.o(.data)
    SystemCoreClock                          0x200000e8   Data           4  system_stm32f4xx.o(.data)
    USBH_msc                                 0x200000ec   Data          32  usbh_msc.o(.data)
    __microlib_freelist                      0x20000110   Data           4  mvars.o(.data)
    __microlib_freelist_initialised          0x20000114   Data           4  mvars.o(.data)
    pingstr                                  0x20000118   Data         100  task_main.o(.bss)
    traystr                                  0x2000017c   Data          20  task_main.o(.bss)
    state                                    0x20000190   Data          20  task_main.o(.bss)
    rxBuffer                                 0x200001a4   Data         200  uart.o(.bss)
    hadc1                                    0x2000026c   Data          72  main.o(.bss)
    hrtc                                     0x200002b4   Data          32  main.o(.bss)
    htim1                                    0x200002d4   Data          60  main.o(.bss)
    htim2                                    0x20000310   Data          60  main.o(.bss)
    huart1                                   0x2000034c   Data          64  main.o(.bss)
    huart2                                   0x2000038c   Data          64  main.o(.bss)
    hdma_usart1_rx                           0x200003cc   Data          96  main.o(.bss)
    hUsbHostFS                               0x2000042c   Data         968  usb_host.o(.bss)
    hhcd_USB_OTG_FS                          0x200007f4   Data         664  usbh_conf.o(.bss)
    disk                                     0x20000a8c   Data          12  ff_gen_drv.o(.bss)
    __heap_base                              0x20000a98   Data           0  startup_stm32f429xx.o(HEAP)
    __heap_limit                             0x20004a98   Data           0  startup_stm32f429xx.o(HEAP)
    __initial_sp                             0x20008a98   Data           0  startup_stm32f429xx.o(STACK)



==============================================================================

Memory Map of the image

  Image Entry point : 0x080001ad

  Load Region LR_IROM1 (Base: 0x08000000, Size: 0x000088e0, Max: 0x00200000, ABSOLUTE)

    Execution Region ER_IROM1 (Base: 0x08000000, Size: 0x000087c8, Max: 0x00200000, ABSOLUTE)

    Base Addr    Size         Type   Attr      Idx    E Section Name        Object

    0x08000000   0x000001ac   Data   RO            3    RESET               startup_stm32f429xx.o
    0x080001ac   0x00000000   Code   RO         5594  * .ARM.Collect$$$$00000000  mc_w.l(entry.o)
    0x080001ac   0x00000004   Code   RO         5912    .ARM.Collect$$$$00000001  mc_w.l(entry2.o)
    0x080001b0   0x00000004   Code   RO         5915    .ARM.Collect$$$$00000004  mc_w.l(entry5.o)
    0x080001b4   0x00000000   Code   RO         5917    .ARM.Collect$$$$00000008  mc_w.l(entry7b.o)
    0x080001b4   0x00000000   Code   RO         5919    .ARM.Collect$$$$0000000A  mc_w.l(entry8b.o)
    0x080001b4   0x00000008   Code   RO         5920    .ARM.Collect$$$$0000000B  mc_w.l(entry9a.o)
    0x080001bc   0x00000000   Code   RO         5922    .ARM.Collect$$$$0000000D  mc_w.l(entry10a.o)
    0x080001bc   0x00000000   Code   RO         5924    .ARM.Collect$$$$0000000F  mc_w.l(entry11a.o)
    0x080001bc   0x00000004   Code   RO         5913    .ARM.Collect$$$$00002712  mc_w.l(entry2.o)
    0x080001c0   0x00000024   Code   RO            4    .text               startup_stm32f429xx.o
    0x080001e4   0x00000062   Code   RO         5597    .text               mc_w.l(uldiv.o)
    0x08000246   0x00000024   Code   RO         5599    .text               mc_w.l(memcpya.o)
    0x0800026a   0x00000024   Code   RO         5601    .text               mc_w.l(memseta.o)
    0x0800028e   0x0000000e   Code   RO         5603    .text               mc_w.l(strlen.o)
    0x0800029c   0x00000044   Code   RO         5605    .text               mc_w.l(strtok.o)
    0x080002e0   0x000000e4   Code   RO         5902    .text               mf_w.l(dmul.o)
    0x080003c4   0x000000de   Code   RO         5904    .text               mf_w.l(ddiv.o)
    0x080004a2   0x0000001a   Code   RO         5906    .text               mf_w.l(dfltui.o)
    0x080004bc   0x00000026   Code   RO         5908    .text               mf_w.l(f2d.o)
    0x080004e2   0x00000038   Code   RO         5910    .text               mf_w.l(d2f.o)
    0x0800051a   0x0000002c   Code   RO         5929    .text               mc_w.l(uidiv.o)
    0x08000546   0x0000001e   Code   RO         5931    .text               mc_w.l(llshl.o)
    0x08000564   0x00000020   Code   RO         5933    .text               mc_w.l(llushr.o)
    0x08000584   0x00000000   Code   RO         5937    .text               mc_w.l(iusefp.o)
    0x08000584   0x0000006e   Code   RO         5938    .text               mf_w.l(fepilogue.o)
    0x080005f2   0x000000ba   Code   RO         5940    .text               mf_w.l(depilogue.o)
    0x080006ac   0x0000014e   Code   RO         5942    .text               mf_w.l(dadd.o)
    0x080007fa   0x00000030   Code   RO         5944    .text               mf_w.l(dfixul.o)
    0x0800082a   0x00000002   PAD
    0x0800082c   0x00000030   Code   RO         5946    .text               mf_w.l(cdrcmple.o)
    0x0800085c   0x00000024   Code   RO         5948    .text               mc_w.l(init.o)
    0x08000880   0x00000024   Code   RO         5951    .text               mc_w.l(llsshr.o)
    0x080008a4   0x00000124   Code   RO         1570    i.ADC_Init          stm32f4xx_hal_adc.o
    0x080009c8   0x00000002   Code   RO          905    i.BusFault_Handler  stm32f4xx_it.o
    0x080009ca   0x00000002   PAD
    0x080009cc   0x0000003c   Code   RO           14    i.Buzzer_On         task_main.o
    0x08000a08   0x0000009c   Code   RO          379    i.Check_DoorOpen    tray.o
    0x08000aa4   0x00000034   Code   RO          380    i.Check_EmergencyExit  tray.o
    0x08000ad8   0x00000050   Code   RO          381    i.Check_OperationError  tray.o
    0x08000b28   0x000000cc   Code   RO          382    i.Check_OverCurrent  tray.o
    0x08000bf4   0x0000000c   Code   RO          906    i.DMA2_Stream2_IRQHandler  stm32f4xx_it.o
    0x08000c00   0x00000028   Code   RO         3974    i.DMA_CalcBaseAndBitshift  stm32f4xx_hal_dma.o
    0x08000c28   0x00000054   Code   RO         3975    i.DMA_CheckFifoParam  stm32f4xx_hal_dma.o
    0x08000c7c   0x0000013c   Code   RO          273    i.DMA_Process_Data  uart.o
    0x08000db8   0x00000028   Code   RO         3976    i.DMA_SetConfig     stm32f4xx_hal_dma.o
    0x08000de0   0x00000048   Code   RO         5086    i.DeInitStateMachine  usbh_core.o
    0x08000e28   0x00000002   Code   RO          907    i.DebugMon_Handler  stm32f4xx_it.o
    0x08000e2a   0x00000002   PAD
    0x08000e2c   0x00000018   Code   RO           15    i.Delay_us          task_main.o
    0x08000e44   0x00000006   Code   RO          908    i.EXTI2_IRQHandler  stm32f4xx_it.o
    0x08000e4a   0x00000006   Code   RO          909    i.EXTI3_IRQHandler  stm32f4xx_it.o
    0x08000e50   0x00000006   Code   RO          910    i.EXTI4_IRQHandler  stm32f4xx_it.o
    0x08000e56   0x00000002   PAD
    0x08000e58   0x0000072c   Code   RO          383    i.Empty_tray        tray.o
    0x08001584   0x00000006   Code   RO         5036    i.FATFS_LinkDriver  ff_gen_drv.o
    0x0800158a   0x00000002   PAD
    0x0800158c   0x00000040   Code   RO         5037    i.FATFS_LinkDriverEx  ff_gen_drv.o
    0x080015cc   0x00000514   Code   RO          384    i.Feed_tray         tray.o
    0x08001ae0   0x00000154   Code   RO         1572    i.HAL_ADC_ConfigChannel  stm32f4xx_hal_adc.o
    0x08001c34   0x00000006   Code   RO         1579    i.HAL_ADC_GetValue  stm32f4xx_hal_adc.o
    0x08001c3a   0x00000054   Code   RO         1581    i.HAL_ADC_Init      stm32f4xx_hal_adc.o
    0x08001c8e   0x00000002   PAD
    0x08001c90   0x00000064   Code   RO         1030    i.HAL_ADC_MspInit   stm32f4xx_hal_msp.o
    0x08001cf4   0x000000a2   Code   RO         1585    i.HAL_ADC_PollForConversion  stm32f4xx_hal_adc.o
    0x08001d96   0x00000002   PAD
    0x08001d98   0x000000bc   Code   RO         1587    i.HAL_ADC_Start     stm32f4xx_hal_adc.o
    0x08001e54   0x0000003c   Code   RO         1590    i.HAL_ADC_Stop      stm32f4xx_hal_adc.o
    0x08001e90   0x00000026   Code   RO         1846    i.HAL_CRC_Init      stm32f4xx_hal_crc.o
    0x08001eb6   0x00000002   PAD
    0x08001eb8   0x00000028   Code   RO         1032    i.HAL_CRC_MspInit   stm32f4xx_hal_msp.o
    0x08001ee0   0x000001a0   Code   RO         3982    i.HAL_DMA_IRQHandler  stm32f4xx_hal_dma.o
    0x08002080   0x000000d4   Code   RO         3983    i.HAL_DMA_Init      stm32f4xx_hal_dma.o
    0x08002154   0x00000078   Code   RO         3987    i.HAL_DMA_Start_IT  stm32f4xx_hal_dma.o
    0x080021cc   0x00000024   Code   RO         4414    i.HAL_Delay         stm32f4xx_hal.o
    0x080021f0   0x00000028   Code   RO          911    i.HAL_GPIO_EXTI_Callback  stm32f4xx_it.o
    0x08002218   0x00000018   Code   RO         3869    i.HAL_GPIO_EXTI_IRQHandler  stm32f4xx_hal_gpio.o
    0x08002230   0x000001cc   Code   RO         3870    i.HAL_GPIO_Init     stm32f4xx_hal_gpio.o
    0x080023fc   0x0000000a   Code   RO         3872    i.HAL_GPIO_ReadPin  stm32f4xx_hal_gpio.o
    0x08002406   0x00000008   Code   RO         3873    i.HAL_GPIO_TogglePin  stm32f4xx_hal_gpio.o
    0x0800240e   0x0000000a   Code   RO         3874    i.HAL_GPIO_WritePin  stm32f4xx_hal_gpio.o
    0x08002418   0x0000000c   Code   RO         4422    i.HAL_GetTick       stm32f4xx_hal.o
    0x08002424   0x00000008   Code   RO          758    i.HAL_HCD_Connect_Callback  usbh_conf.o
    0x0800242c   0x00000008   Code   RO          759    i.HAL_HCD_Disconnect_Callback  usbh_conf.o
    0x08002434   0x00000006   Code   RO         1123    i.HAL_HCD_GetCurrentFrame  stm32f4xx_hal_hcd.o
    0x0800243a   0x00000006   Code   RO         1124    i.HAL_HCD_GetCurrentSpeed  stm32f4xx_hal_hcd.o
    0x08002440   0x0000000e   Code   RO         1127    i.HAL_HCD_HC_GetURBState  stm32f4xx_hal_hcd.o
    0x0800244e   0x0000000c   Code   RO         1128    i.HAL_HCD_HC_GetXferCount  stm32f4xx_hal_hcd.o
    0x0800245a   0x00000024   Code   RO         1129    i.HAL_HCD_HC_Halt   stm32f4xx_hal_hcd.o
    0x0800247e   0x00000054   Code   RO         1130    i.HAL_HCD_HC_Init   stm32f4xx_hal_hcd.o
    0x080024d2   0x00000002   Code   RO          760    i.HAL_HCD_HC_NotifyURBChange_Callback  usbh_conf.o
    0x080024d4   0x000000b6   Code   RO         1132    i.HAL_HCD_HC_SubmitRequest  stm32f4xx_hal_hcd.o
    0x0800258a   0x00000002   PAD
    0x0800258c   0x0000012e   Code   RO         1133    i.HAL_HCD_IRQHandler  stm32f4xx_hal_hcd.o
    0x080026ba   0x0000005a   Code   RO         1134    i.HAL_HCD_Init      stm32f4xx_hal_hcd.o
    0x08002714   0x00000064   Code   RO          762    i.HAL_HCD_MspInit   usbh_conf.o
    0x08002778   0x00000006   Code   RO         1137    i.HAL_HCD_ResetPort  stm32f4xx_hal_hcd.o
    0x0800277e   0x00000008   Code   RO          763    i.HAL_HCD_SOF_Callback  usbh_conf.o
    0x08002786   0x0000002c   Code   RO         1139    i.HAL_HCD_Start     stm32f4xx_hal_hcd.o
    0x080027b2   0x00000024   Code   RO         1140    i.HAL_HCD_Stop      stm32f4xx_hal_hcd.o
    0x080027d6   0x00000002   PAD
    0x080027d8   0x00000010   Code   RO         4426    i.HAL_IncTick       stm32f4xx_hal.o
    0x080027e8   0x00000034   Code   RO         4427    i.HAL_Init          stm32f4xx_hal.o
    0x0800281c   0x00000040   Code   RO         4428    i.HAL_InitTick      stm32f4xx_hal.o
    0x0800285c   0x00000084   Code   RO         1033    i.HAL_MspInit       stm32f4xx_hal_msp.o
    0x080028e0   0x00000016   Code   RO         4277    i.HAL_NVIC_EnableIRQ  stm32f4xx_hal_cortex.o
    0x080028f6   0x00000002   PAD
    0x080028f8   0x00000040   Code   RO         4283    i.HAL_NVIC_SetPriority  stm32f4xx_hal_cortex.o
    0x08002938   0x00000024   Code   RO         4284    i.HAL_NVIC_SetPriorityGrouping  stm32f4xx_hal_cortex.o
    0x0800295c   0x00000234   Code   RO         3571    i.HAL_RCCEx_PeriphCLKConfig  stm32f4xx_hal_rcc_ex.o
    0x08002b90   0x00000130   Code   RO         3464    i.HAL_RCC_ClockConfig  stm32f4xx_hal_rcc.o
    0x08002cc0   0x0000000c   Code   RO         3469    i.HAL_RCC_GetHCLKFreq  stm32f4xx_hal_rcc.o
    0x08002ccc   0x00000020   Code   RO         3471    i.HAL_RCC_GetPCLK1Freq  stm32f4xx_hal_rcc.o
    0x08002cec   0x00000020   Code   RO         3472    i.HAL_RCC_GetPCLK2Freq  stm32f4xx_hal_rcc.o
    0x08002d0c   0x00000060   Code   RO         3473    i.HAL_RCC_GetSysClockFreq  stm32f4xx_hal_rcc.o
    0x08002d6c   0x0000031c   Code   RO         3476    i.HAL_RCC_OscConfig  stm32f4xx_hal_rcc.o
    0x08003088   0x0000000a   Code   RO         2040    i.HAL_RTCEx_BKUPRead  stm32f4xx_hal_rtc_ex.o
    0x08003092   0x0000000a   Code   RO         2041    i.HAL_RTCEx_BKUPWrite  stm32f4xx_hal_rtc_ex.o
    0x0800309c   0x000000ac   Code   RO         1910    i.HAL_RTC_Init      stm32f4xx_hal_rtc.o
    0x08003148   0x00000018   Code   RO         1035    i.HAL_RTC_MspInit   stm32f4xx_hal_msp.o
    0x08003160   0x00000036   Code   RO         1918    i.HAL_RTC_WaitForSynchro  stm32f4xx_hal_rtc.o
    0x08003196   0x00000018   Code   RO         4286    i.HAL_SYSTICK_CLKSourceConfig  stm32f4xx_hal_cortex.o
    0x080031ae   0x00000002   Code   RO         4287    i.HAL_SYSTICK_Callback  stm32f4xx_hal_cortex.o
    0x080031b0   0x00000028   Code   RO         4288    i.HAL_SYSTICK_Config  stm32f4xx_hal_cortex.o
    0x080031d8   0x00000008   Code   RO         4289    i.HAL_SYSTICK_IRQHandler  stm32f4xx_hal_cortex.o
    0x080031e0   0x00000002   Code   RO         2898    i.HAL_TIMEx_BreakCallback  stm32f4xx_hal_tim_ex.o
    0x080031e2   0x00000002   Code   RO         2899    i.HAL_TIMEx_CommutationCallback  stm32f4xx_hal_tim_ex.o
    0x080031e4   0x00000050   Code   RO         2915    i.HAL_TIMEx_MasterConfigSynchronization  stm32f4xx_hal_tim_ex.o
    0x08003234   0x00000036   Code   RO         2269    i.HAL_TIM_Base_Init  stm32f4xx_hal_tim.o
    0x0800326a   0x00000002   PAD
    0x0800326c   0x00000054   Code   RO         1037    i.HAL_TIM_Base_MspInit  stm32f4xx_hal_msp.o
    0x080032c0   0x0000001a   Code   RO         2272    i.HAL_TIM_Base_Start  stm32f4xx_hal_tim.o
    0x080032da   0x000000f2   Code   RO         2278    i.HAL_TIM_ConfigClockSource  stm32f4xx_hal_tim.o
    0x080033cc   0x00000002   Code   RO         2298    i.HAL_TIM_IC_CaptureCallback  stm32f4xx_hal_tim.o
    0x080033ce   0x00000166   Code   RO         2311    i.HAL_TIM_IRQHandler  stm32f4xx_hal_tim.o
    0x08003534   0x0000002c   Code   RO         1038    i.HAL_TIM_MspPostInit  stm32f4xx_hal_msp.o
    0x08003560   0x00000002   Code   RO         2314    i.HAL_TIM_OC_DelayElapsedCallback  stm32f4xx_hal_tim.o
    0x08003562   0x000000d0   Code   RO         2335    i.HAL_TIM_PWM_ConfigChannel  stm32f4xx_hal_tim.o
    0x08003632   0x00000036   Code   RO         2338    i.HAL_TIM_PWM_Init  stm32f4xx_hal_tim.o
    0x08003668   0x00000002   Code   RO         2340    i.HAL_TIM_PWM_MspInit  stm32f4xx_hal_tim.o
    0x0800366a   0x00000002   Code   RO         2341    i.HAL_TIM_PWM_PulseFinishedCallback  stm32f4xx_hal_tim.o
    0x0800366c   0x00000038   Code   RO         2342    i.HAL_TIM_PWM_Start  stm32f4xx_hal_tim.o
    0x080036a4   0x0000005c   Code   RO         2345    i.HAL_TIM_PWM_Stop  stm32f4xx_hal_tim.o
    0x08003700   0x00000044   Code   RO          912    i.HAL_TIM_PeriodElapsedCallback  stm32f4xx_it.o
    0x08003744   0x00000002   Code   RO         2352    i.HAL_TIM_TriggerCallback  stm32f4xx_hal_tim.o
    0x08003746   0x00000002   Code   RO         3158    i.HAL_UART_ErrorCallback  stm32f4xx_hal_uart.o
    0x08003748   0x00000062   Code   RO         3162    i.HAL_UART_Init     stm32f4xx_hal_uart.o
    0x080037aa   0x00000002   PAD
    0x080037ac   0x000000f4   Code   RO         1040    i.HAL_UART_MspInit  stm32f4xx_hal_msp.o
    0x080038a0   0x00000098   Code   RO         3166    i.HAL_UART_Receive_DMA  stm32f4xx_hal_uart.o
    0x08003938   0x00000034   Code   RO          274    i.HAL_UART_RxCpltCallback  uart.o
    0x0800396c   0x00000002   Code   RO         3169    i.HAL_UART_RxHalfCpltCallback  stm32f4xx_hal_uart.o
    0x0800396e   0x000000ba   Code   RO         3170    i.HAL_UART_Transmit  stm32f4xx_hal_uart.o
    0x08003a28   0x00000232   Code   RO         1141    i.HCD_HC_IN_IRQHandler  stm32f4xx_hal_hcd.o
    0x08003c5a   0x00000216   Code   RO         1142    i.HCD_HC_OUT_IRQHandler  stm32f4xx_hal_hcd.o
    0x08003e70   0x000000ac   Code   RO         1143    i.HCD_Port_IRQHandler  stm32f4xx_hal_hcd.o
    0x08003f1c   0x00000070   Code   RO         1144    i.HCD_RXQLVL_IRQHandler  stm32f4xx_hal_hcd.o
    0x08003f8c   0x00000002   Code   RO          913    i.HardFault_Handler  stm32f4xx_it.o
    0x08003f8e   0x00000002   PAD
    0x08003f90   0x00000054   Code   RO          506    i.MX_ADC1_Init      main.o
    0x08003fe4   0x0000001c   Code   RO          681    i.MX_FATFS_Init     fatfs.o
    0x08004000   0x00000220   Code   RO          507    i.MX_GPIO_Init      main.o
    0x08004220   0x00000054   Code   RO          508    i.MX_TIM1_Init      main.o
    0x08004274   0x00000078   Code   RO          509    i.MX_TIM2_Init      main.o
    0x080042ec   0x0000002c   Code   RO          719    i.MX_USB_HOST_Init  usb_host.o
    0x08004318   0x0000000c   Code   RO          720    i.MX_USB_HOST_Process  usb_host.o
    0x08004324   0x0000029c   Code   RO          385    i.Manual_ModeEnd    tray.o
    0x080045c0   0x000001ac   Code   RO          386    i.Manual_TrayDown   tray.o
    0x0800476c   0x0000015c   Code   RO          387    i.Manual_TrayUP     tray.o
    0x080048c8   0x00000002   Code   RO          914    i.MemManage_Handler  stm32f4xx_it.o
    0x080048ca   0x00000002   Code   RO          915    i.NMI_Handler       stm32f4xx_it.o
    0x080048cc   0x00000020   Code   RO         4290    i.NVIC_SetPriority  stm32f4xx_hal_cortex.o
    0x080048ec   0x0000000c   Code   RO          916    i.OTG_FS_IRQHandler  stm32f4xx_it.o
    0x080048f8   0x00000020   Code   RO          388    i.Op_Init           tray.o
    0x08004918   0x00000002   Code   RO          917    i.PendSV_Handler    stm32f4xx_it.o
    0x0800491a   0x00000002   PAD
    0x0800491c   0x0000003a   Code   RO         1921    i.RTC_EnterInitMode  stm32f4xx_hal_rtc.o
    0x08004956   0x00000002   PAD
    0x08004958   0x00000064   Code   RO           17    i.ReadID            task_main.o
    0x080049bc   0x00000040   Code   RO          338    i.Read_Adc1         adc.o
    0x080049fc   0x00000028   Code   RO           18    i.Reset_Duty        task_main.o
    0x08004a24   0x0000001c   Code   RO           19    i.Reset_OCTimer     task_main.o
    0x08004a40   0x00000002   Code   RO          918    i.SVC_Handler       stm32f4xx_it.o
    0x08004a42   0x00000002   PAD
    0x08004a44   0x00000094   Code   RO          339    i.SelectAdcChannel  adc.o
    0x08004ad8   0x00000254   Code   RO           20    i.SendStatus        task_main.o
    0x08004d2c   0x00000030   Code   RO           22    i.Sol_On_Off        task_main.o
    0x08004d5c   0x000000dc   Code   RO          919    i.SysTick_Handler   stm32f4xx_it.o
    0x08004e38   0x000000b8   Code   RO          510    i.SystemClock_Config  main.o
    0x08004ef0   0x00000054   Code   RO         4591    i.SystemInit        system_stm32f4xx.o
    0x08004f44   0x0000000c   Code   RO          920    i.TIM2_IRQHandler   stm32f4xx_it.o
    0x08004f50   0x000000c0   Code   RO         2353    i.TIM_Base_SetConfig  stm32f4xx_hal_tim.o
    0x08005010   0x00000016   Code   RO         2354    i.TIM_CCxChannelCmd  stm32f4xx_hal_tim.o
    0x08005026   0x00000014   Code   RO         2360    i.TIM_ETR_SetConfig  stm32f4xx_hal_tim.o
    0x0800503a   0x00000010   Code   RO         2361    i.TIM_ITRx_SetConfig  stm32f4xx_hal_tim.o
    0x0800504a   0x00000002   PAD
    0x0800504c   0x00000058   Code   RO         2362    i.TIM_OC1_SetConfig  stm32f4xx_hal_tim.o
    0x080050a4   0x00000064   Code   RO         2363    i.TIM_OC2_SetConfig  stm32f4xx_hal_tim.o
    0x08005108   0x00000060   Code   RO         2364    i.TIM_OC3_SetConfig  stm32f4xx_hal_tim.o
    0x08005168   0x00000050   Code   RO         2365    i.TIM_OC4_SetConfig  stm32f4xx_hal_tim.o
    0x080051b8   0x00000022   Code   RO         2367    i.TIM_TI1_ConfigInputStage  stm32f4xx_hal_tim.o
    0x080051da   0x00000024   Code   RO         2369    i.TIM_TI2_ConfigInputStage  stm32f4xx_hal_tim.o
    0x080051fe   0x00000002   PAD
    0x08005200   0x00000308   Code   RO           23    i.Task_Main         task_main.o
    0x08005508   0x00000014   Code   RO           24    i.TimeReset         task_main.o
    0x0800551c   0x00000010   Code   RO           25    i.TimeStop          task_main.o
    0x0800552c   0x00000018   Code   RO           26    i.Timeout           task_main.o
    0x08005544   0x000002cc   Code   RO          390    i.Tray_Init         tray.o
    0x08005810   0x0000004a   Code   RO         3176    i.UART_DMAError     stm32f4xx_hal_uart.o
    0x0800585a   0x0000003c   Code   RO         3177    i.UART_DMAReceiveCplt  stm32f4xx_hal_uart.o
    0x08005896   0x0000000a   Code   RO         3179    i.UART_DMARxHalfCplt  stm32f4xx_hal_uart.o
    0x080058a0   0x0000001c   Code   RO         3185    i.UART_EndRxTransfer  stm32f4xx_hal_uart.o
    0x080058bc   0x00000012   Code   RO         3186    i.UART_EndTxTransfer  stm32f4xx_hal_uart.o
    0x080058ce   0x00000002   PAD
    0x080058d0   0x000002ac   Code   RO         3188    i.UART_SetConfig    stm32f4xx_hal_uart.o
    0x08005b7c   0x00000064   Code   RO         3190    i.UART_WaitOnFlagUntilTimeout  stm32f4xx_hal_uart.o
    0x08005be0   0x00000034   Code   RO         5363    i.USBH_AllocPipe    usbh_pipes.o
    0x08005c14   0x00000020   Code   RO         5291    i.USBH_BulkReceiveData  usbh_ioreq.o
    0x08005c34   0x00000028   Code   RO         5292    i.USBH_BulkSendData  usbh_ioreq.o
    0x08005c5c   0x0000000a   Code   RO         5364    i.USBH_ClosePipe    usbh_pipes.o
    0x08005c66   0x0000001e   Code   RO         5203    i.USBH_ClrFeature   usbh_ctlreq.o
    0x08005c84   0x0000001e   Code   RO         5293    i.USBH_CtlReceiveData  usbh_ioreq.o
    0x08005ca2   0x00000036   Code   RO         5204    i.USBH_CtlReq       usbh_ctlreq.o
    0x08005cd8   0x00000028   Code   RO         5294    i.USBH_CtlSendData  usbh_ioreq.o
    0x08005d00   0x0000001e   Code   RO         5295    i.USBH_CtlSendSetup  usbh_ioreq.o
    0x08005d1e   0x00000004   Code   RO          764    i.USBH_Delay        usbh_conf.o
    0x08005d22   0x00000044   Code   RO         5088    i.USBH_FindInterface  usbh_core.o
    0x08005d66   0x00000018   Code   RO         5365    i.USBH_FreePipe     usbh_pipes.o
    0x08005d7e   0x00000034   Code   RO         5205    i.USBH_GetDescriptor  usbh_ctlreq.o
    0x08005db2   0x0000000e   Code   RO         5206    i.USBH_GetNextDesc  usbh_ctlreq.o
    0x08005dc0   0x0000002c   Code   RO         5207    i.USBH_Get_CfgDesc  usbh_ctlreq.o
    0x08005dec   0x0000009a   Code   RO         5208    i.USBH_Get_DevDesc  usbh_ctlreq.o
    0x08005e86   0x00000048   Code   RO         5209    i.USBH_Get_StringDesc  usbh_ctlreq.o
    0x08005ece   0x0000017e   Code   RO         5210    i.USBH_HandleControl  usbh_ctlreq.o
    0x0800604c   0x000000f2   Code   RO         5091    i.USBH_HandleEnum   usbh_core.o
    0x0800613e   0x00000030   Code   RO         5092    i.USBH_Init         usbh_core.o
    0x0800616e   0x00000020   Code   RO          765    i.USBH_LL_ClosePipe  usbh_conf.o
    0x0800618e   0x00000028   Code   RO         5093    i.USBH_LL_Connect   usbh_core.o
    0x080061b6   0x00000038   Code   RO         5094    i.USBH_LL_Disconnect  usbh_core.o
    0x080061ee   0x0000000c   Code   RO          767    i.USBH_LL_DriverVBUS  usbh_conf.o
    0x080061fa   0x00000008   Code   RO          768    i.USBH_LL_GetLastXferSize  usbh_conf.o
    0x08006202   0x00000022   Code   RO          769    i.USBH_LL_GetSpeed  usbh_conf.o
    0x08006224   0x0000001e   Code   RO          770    i.USBH_LL_GetToggle  usbh_conf.o
    0x08006242   0x00000008   Code   RO          771    i.USBH_LL_GetURBState  usbh_conf.o
    0x0800624a   0x0000001e   Code   RO         5095    i.USBH_LL_IncTimer  usbh_core.o
    0x08006268   0x00000068   Code   RO          772    i.USBH_LL_Init      usbh_conf.o
    0x080062d0   0x0000002a   Code   RO          773    i.USBH_LL_OpenPipe  usbh_conf.o
    0x080062fa   0x00000020   Code   RO          774    i.USBH_LL_ResetPort  usbh_conf.o
    0x0800631a   0x00000006   Code   RO         5096    i.USBH_LL_SetTimer  usbh_core.o
    0x08006320   0x00000020   Code   RO          775    i.USBH_LL_SetToggle  usbh_conf.o
    0x08006340   0x00000020   Code   RO          776    i.USBH_LL_Start     usbh_conf.o
    0x08006360   0x00000020   Code   RO          777    i.USBH_LL_Stop      usbh_conf.o
    0x08006380   0x00000030   Code   RO          778    i.USBH_LL_SubmitURB  usbh_conf.o
    0x080063b0   0x0000001e   Code   RO         5496    i.USBH_MSC_BOT_Abort  usbh_msc_bot.o
    0x080063ce   0x00000002   PAD
    0x080063d0   0x00000024   Code   RO         5497    i.USBH_MSC_BOT_Init  usbh_msc_bot.o
    0x080063f4   0x000001dc   Code   RO         5498    i.USBH_MSC_BOT_Process  usbh_msc_bot.o
    0x080065d0   0x00000016   Code   RO         5499    i.USBH_MSC_BOT_REQ_GetMaxLUN  usbh_msc_bot.o
    0x080065e6   0x00000016   Code   RO         5500    i.USBH_MSC_BOT_REQ_Reset  usbh_msc_bot.o
    0x080065fc   0x0000006c   Code   RO         5405    i.USBH_MSC_ClassRequest  usbh_msc.o
    0x08006668   0x0000002e   Code   RO         5406    i.USBH_MSC_GetLUNInfo  usbh_msc.o
    0x08006696   0x0000004a   Code   RO         5408    i.USBH_MSC_InterfaceDeInit  usbh_msc.o
    0x080066e0   0x0000014c   Code   RO         5409    i.USBH_MSC_InterfaceInit  usbh_msc.o
    0x0800682c   0x00000290   Code   RO         5411    i.USBH_MSC_Process  usbh_msc.o
    0x08006abc   0x0000008e   Code   RO         5412    i.USBH_MSC_RdWrProcess  usbh_msc.o
    0x08006b4a   0x0000008a   Code   RO         5413    i.USBH_MSC_Read     usbh_msc.o
    0x08006bd4   0x000000c0   Code   RO         5543    i.USBH_MSC_SCSI_Inquiry  usbh_msc_scsi.o
    0x08006c94   0x0000007c   Code   RO         5544    i.USBH_MSC_SCSI_Read  usbh_msc_scsi.o
    0x08006d10   0x0000007a   Code   RO         5545    i.USBH_MSC_SCSI_ReadCapacity  usbh_msc_scsi.o
    0x08006d8a   0x00000092   Code   RO         5546    i.USBH_MSC_SCSI_RequestSense  usbh_msc_scsi.o
    0x08006e1c   0x0000004c   Code   RO         5547    i.USBH_MSC_SCSI_TestUnitReady  usbh_msc_scsi.o
    0x08006e68   0x0000007c   Code   RO         5548    i.USBH_MSC_SCSI_Write  usbh_msc_scsi.o
    0x08006ee4   0x00000004   Code   RO         5414    i.USBH_MSC_SOFProcess  usbh_msc.o
    0x08006ee8   0x00000026   Code   RO         5415    i.USBH_MSC_UnitIsReady  usbh_msc.o
    0x08006f0e   0x0000008a   Code   RO         5416    i.USBH_MSC_Write    usbh_msc.o
    0x08006f98   0x00000014   Code   RO         5366    i.USBH_OpenPipe     usbh_pipes.o
    0x08006fac   0x000000e8   Code   RO         5211    i.USBH_ParseCfgDesc  usbh_ctlreq.o
    0x08007094   0x00000168   Code   RO         5097    i.USBH_Process      usbh_core.o
    0x080071fc   0x0000001c   Code   RO         5099    i.USBH_RegisterClass  usbh_core.o
    0x08007218   0x00000016   Code   RO         5100    i.USBH_SelectInterface  usbh_core.o
    0x0800722e   0x0000001c   Code   RO         5212    i.USBH_SetAddress   usbh_ctlreq.o
    0x0800724a   0x0000001c   Code   RO         5213    i.USBH_SetCfg       usbh_ctlreq.o
    0x08007266   0x00000014   Code   RO         5101    i.USBH_Start        usbh_core.o
    0x0800727a   0x00000002   PAD
    0x0800727c   0x00000020   Code   RO          721    i.USBH_UserProcess  usb_host.o
    0x0800729c   0x00000004   Code   RO          626    i.USBH_initialize   usbh_diskio.o
    0x080072a0   0x00000064   Code   RO          627    i.USBH_ioctl        usbh_diskio.o
    0x08007304   0x00000044   Code   RO          628    i.USBH_read         usbh_diskio.o
    0x08007348   0x00000018   Code   RO          629    i.USBH_status       usbh_diskio.o
    0x08007360   0x0000004c   Code   RO          630    i.USBH_write        usbh_diskio.o
    0x080073ac   0x0000006c   Code   RO         1288    i.USB_CoreInit      stm32f4xx_ll_usb.o
    0x08007418   0x00000038   Code   RO         1289    i.USB_CoreReset     stm32f4xx_ll_usb.o
    0x08007450   0x0000000c   Code   RO         1295    i.USB_DisableGlobalInt  stm32f4xx_ll_usb.o
    0x0800745c   0x00000040   Code   RO         1296    i.USB_DoPing        stm32f4xx_ll_usb.o
    0x0800749c   0x0000002c   Code   RO         1297    i.USB_DriveVbus     stm32f4xx_ll_usb.o
    0x080074c8   0x0000000c   Code   RO         1303    i.USB_EnableGlobalInt  stm32f4xx_ll_usb.o
    0x080074d4   0x00000020   Code   RO         1304    i.USB_FlushRxFifo   stm32f4xx_ll_usb.o
    0x080074f4   0x00000024   Code   RO         1305    i.USB_FlushTxFifo   stm32f4xx_ll_usb.o
    0x08007518   0x00000008   Code   RO         1306    i.USB_GetCurrentFrame  stm32f4xx_ll_usb.o
    0x08007520   0x0000000e   Code   RO         1308    i.USB_GetHostSpeed  stm32f4xx_ll_usb.o
    0x0800752e   0x00000008   Code   RO         1309    i.USB_GetMode       stm32f4xx_ll_usb.o
    0x08007536   0x00000148   Code   RO         1310    i.USB_HC_Halt       stm32f4xx_ll_usb.o
    0x0800767e   0x00000002   PAD
    0x08007680   0x000000ea   Code   RO         1311    i.USB_HC_Init       stm32f4xx_ll_usb.o
    0x0800776a   0x0000000c   Code   RO         1312    i.USB_HC_ReadInterrupt  stm32f4xx_ll_usb.o
    0x08007776   0x00000002   PAD
    0x08007778   0x00000188   Code   RO         1313    i.USB_HC_StartXfer  stm32f4xx_ll_usb.o
    0x08007900   0x000000d4   Code   RO         1314    i.USB_HostInit      stm32f4xx_ll_usb.o
    0x080079d4   0x00000036   Code   RO         1315    i.USB_InitFSLSPClkSel  stm32f4xx_ll_usb.o
    0x08007a0a   0x00000008   Code   RO         1320    i.USB_ReadInterrupts  stm32f4xx_ll_usb.o
    0x08007a12   0x00000020   Code   RO         1321    i.USB_ReadPacket    stm32f4xx_ll_usb.o
    0x08007a32   0x00000002   PAD
    0x08007a34   0x00000060   Code   RO           27    i.USB_Ready         task_main.o
    0x08007a94   0x0000002c   Code   RO         1322    i.USB_ResetPort     stm32f4xx_ll_usb.o
    0x08007ac0   0x0000002c   Code   RO         1323    i.USB_SetCurrentMode  stm32f4xx_ll_usb.o
    0x08007aec   0x000000b2   Code   RO         1327    i.USB_StopHost      stm32f4xx_ll_usb.o
    0x08007b9e   0x00000002   PAD
    0x08007ba0   0x00000028   Code   RO         1328    i.USB_WritePacket   stm32f4xx_ll_usb.o
    0x08007bc8   0x00000040   Code   RO          276    i.Uart2_Printf      uart.o
    0x08007c08   0x00000002   Code   RO          921    i.UsageFault_Handler  stm32f4xx_it.o
    0x08007c0a   0x00000002   Code   RO          511    i._Error_Handler    main.o
    0x08007c0c   0x00000028   Code   RO         5848    i.__0sprintf        mc_w.l(printfa.o)
    0x08007c34   0x00000024   Code   RO         5852    i.__0vsprintf       mc_w.l(printfa.o)
    0x08007c58   0x0000000e   Code   RO         5956    i.__scatterload_copy  mc_w.l(handlers.o)
    0x08007c66   0x00000002   Code   RO         5957    i.__scatterload_null  mc_w.l(handlers.o)
    0x08007c68   0x0000000e   Code   RO         5958    i.__scatterload_zeroinit  mc_w.l(handlers.o)
    0x08007c76   0x00000002   PAD
    0x08007c78   0x00000164   Code   RO         5853    i._fp_digits        mc_w.l(printfa.o)
    0x08007ddc   0x000006dc   Code   RO         5854    i._printf_core      mc_w.l(printfa.o)
    0x080084b8   0x00000024   Code   RO         5855    i._printf_post_padding  mc_w.l(printfa.o)
    0x080084dc   0x0000002e   Code   RO         5856    i._printf_pre_padding  mc_w.l(printfa.o)
    0x0800850a   0x0000000a   Code   RO         5858    i._sputc            mc_w.l(printfa.o)
    0x08008514   0x00000050   Code   RO         5874    i.free              mc_w.l(malloc.o)
    0x08008564   0x0000000c   Code   RO          391    i.get_OperationStatus  tray.o
    0x08008570   0x00000100   Code   RO          512    i.main              main.o
    0x08008670   0x0000006c   Code   RO         5875    i.malloc            mc_w.l(malloc.o)
    0x080086dc   0x00000040   Code   RO          340    i.measure_current   adc.o
    0x0800871c   0x0000002c   Code   RO          392    i.zRobotIR1_Check   tray.o
    0x08008748   0x00000028   Code   RO          393    i.zRobotIR2_Check   tray.o
    0x08008770   0x00000014   Data   RO          631    .constdata          usbh_diskio.o
    0x08008784   0x00000008   Data   RO         3989    .constdata          stm32f4xx_hal_dma.o
    0x0800878c   0x00000010   Data   RO         4592    .constdata          system_stm32f4xx.o
    0x0800879c   0x00000008   Data   RO         4593    .constdata          system_stm32f4xx.o
    0x080087a4   0x00000004   Data   RO         5417    .conststring        usbh_msc.o
    0x080087a8   0x00000020   Data   RO         5954    Region$$Table       anon$$obj.o


    Execution Region RW_IRAM1 (Base: 0x20000000, Size: 0x00008a98, Max: 0x00030000, ABSOLUTE)

    Base Addr    Size         Type   Attr      Idx    E Section Name        Object

    0x20000000   0x00000008   Data   RW           30    .data               task_main.o
    0x20000008   0x00000008   Data   RW           31    .data               task_main.o
    0x20000010   0x00000008   Data   RW           32    .data               task_main.o
    0x20000018   0x00000070   Data   RW           33    .data               task_main.o
    0x20000088   0x00000004   Data   RW          278    .data               uart.o
    0x2000008c   0x00000038   Data   RW          396    .data               tray.o
    0x200000c4   0x00000002   Data   RW          398    .data               tray.o
    0x200000c6   0x00000001   Data   RW          400    .data               tray.o
    0x200000c7   0x00000001   Data   RW          401    .data               tray.o
    0x200000c8   0x00000001   Data   RW          402    .data               tray.o
    0x200000c9   0x00000003   PAD
    0x200000cc   0x00000008   Data   RW          515    .data               main.o
    0x200000d4   0x00000005   Data   RW          685    .data               fatfs.o
    0x200000d9   0x00000001   Data   RW          723    .data               usb_host.o
    0x200000da   0x00000002   PAD
    0x200000dc   0x0000000c   Data   RW         4434    .data               stm32f4xx_hal.o
    0x200000e8   0x00000004   Data   RW         4594    .data               system_stm32f4xx.o
    0x200000ec   0x00000020   Data   RW         5418    .data               usbh_msc.o
    0x2000010c   0x00000004   Data   RW         5606    .data               mc_w.l(strtok.o)
    0x20000110   0x00000004   Data   RW         5935    .data               mc_w.l(mvars.o)
    0x20000114   0x00000004   Data   RW         5936    .data               mc_w.l(mvars.o)
    0x20000118   0x0000008c   Zero   RW           28    .bss                task_main.o
    0x200001a4   0x000000c8   Zero   RW          277    .bss                uart.o
    0x2000026c   0x00000160   Zero   RW          513    .bss                main.o
    0x200003cc   0x00000060   Zero   RW          514    .bss                main.o
    0x2000042c   0x000003c8   Zero   RW          722    .bss                usb_host.o
    0x200007f4   0x00000298   Zero   RW          779    .bss                usbh_conf.o
    0x20000a8c   0x0000000c   Zero   RW         5040    .bss                ff_gen_drv.o
    0x20000a98   0x00004000   Zero   RW            2    HEAP                startup_stm32f429xx.o
    0x20004a98   0x00004000   Zero   RW            1    STACK               startup_stm32f429xx.o


==============================================================================

Image component sizes


      Code (inc. data)   RO Data    RW Data    ZI Data      Debug   Object Name

       276         64          0          0          0       2073   adc.o
        28         10          0          5          0       1238   fatfs.o
        70          6          0          0         12       1843   ff_gen_drv.o
      1274        112          0          8        448      24856   main.o
        36          8        428          0      32768        904   startup_stm32f429xx.o
       180         28          0         12          0       5065   stm32f4xx_hal.o
      1132         52          0          0          0       6413   stm32f4xx_hal_adc.o
       228         14          0          0          0      32773   stm32f4xx_hal_cortex.o
        38          0          0          0          0       1191   stm32f4xx_hal_crc.o
       912         16          8          0          0       6307   stm32f4xx_hal_dma.o
       512         58          0          0          0       4759   stm32f4xx_hal_gpio.o
      2198          4          0          0          0      14553   stm32f4xx_hal_hcd.o
       668        112          0          0          0       5441   stm32f4xx_hal_msp.o
      1272         82          0          0          0       6120   stm32f4xx_hal_rcc.o
       564         36          0          0          0       1736   stm32f4xx_hal_rcc_ex.o
       284          6          0          0          0       3140   stm32f4xx_hal_rtc.o
        20          0          0          0          0       1927   stm32f4xx_hal_rtc_ex.o
      1784         96          0          0          0      18668   stm32f4xx_hal_tim.o
        84          0          0          0          0       2694   stm32f4xx_hal_tim_ex.o
      1414         22          0          0          0       9910   stm32f4xx_hal_uart.o
       398         78          0          0          0      10091   stm32f4xx_it.o
      1972         48          0          0          0      18883   stm32f4xx_ll_usb.o
        84         18         24          4          0       1371   system_stm32f4xx.o
      1828        510          0        136        140     798144   task_main.o
      5916       1396          0         61          0      15029   tray.o
       432         50          0          4        200       3675   uart.o
        88         24          0          1        968       2434   usb_host.o
       576         34          0          0        664      13236   usbh_conf.o
       992         20          0          0          0      10536   usbh_core.o
      1090         12          0          0          0      10784   usbh_ctlreq.o
       272         20         20          0          0       4569   usbh_diskio.o
       172          0          0          0          0       4776   usbh_ioreq.o
      1676         10          4         32          0      11637   usbh_msc.o
       586         28          0          0          0       5245   usbh_msc_bot.o
       784          0          0          0          0       6751   usbh_msc_scsi.o
       106          0          0          0          0       3710   usbh_pipes.o

    ----------------------------------------------------------------------
     29996       2974        516        268      35200    1072482   Object Totals
         0          0         32          0          0          0   (incl. Generated)
        50          0          0          5          0          0   (incl. Padding)

    ----------------------------------------------------------------------

      Code (inc. data)   RO Data    RW Data    ZI Data      Debug   Library Member Name

         0          0          0          0          0          0   entry.o
         0          0          0          0          0          0   entry10a.o
         0          0          0          0          0          0   entry11a.o
         8          4          0          0          0          0   entry2.o
         4          0          0          0          0          0   entry5.o
         0          0          0          0          0          0   entry7b.o
         0          0          0          0          0          0   entry8b.o
         8          4          0          0          0          0   entry9a.o
        30          0          0          0          0          0   handlers.o
        36          8          0          0          0         68   init.o
         0          0          0          0          0          0   iusefp.o
        30          0          0          0          0         68   llshl.o
        36          0          0          0          0         68   llsshr.o
        32          0          0          0          0         68   llushr.o
       188         20          0          0          0        160   malloc.o
        36          0          0          0          0         68   memcpya.o
        36          0          0          0          0        108   memseta.o
         0          0          0          8          0          0   mvars.o
      2280         92          0          0          0        592   printfa.o
        14          0          0          0          0         68   strlen.o
        68          6          0          4          0         80   strtok.o
        44          0          0          0          0         80   uidiv.o
        98          0          0          0          0         92   uldiv.o
        48          0          0          0          0         68   cdrcmple.o
        56          0          0          0          0         88   d2f.o
       334          0          0          0          0        148   dadd.o
       222          0          0          0          0        100   ddiv.o
       186          0          0          0          0        176   depilogue.o
        48          0          0          0          0         68   dfixul.o
        26          0          0          0          0         76   dfltui.o
       228          0          0          0          0         96   dmul.o
        38          0          0          0          0         68   f2d.o
       110          0          0          0          0        168   fepilogue.o

    ----------------------------------------------------------------------
      4248        134          0         12          0       2576   Library Totals
         4          0          0          0          0          0   (incl. Padding)

    ----------------------------------------------------------------------

      Code (inc. data)   RO Data    RW Data    ZI Data      Debug   Library Name

      2948        134          0         12          0       1520   mc_w.l
      1296          0          0          0          0       1056   mf_w.l

    ----------------------------------------------------------------------
      4248        134          0         12          0       2576   Library Totals

    ----------------------------------------------------------------------

==============================================================================


      Code (inc. data)   RO Data    RW Data    ZI Data      Debug   

     34244       3108        516        280      35200    1048210   Grand Totals
     34244       3108        516        280      35200    1048210   ELF Image Totals
     34244       3108        516        280          0          0   ROM Totals

==============================================================================

    Total RO  Size (Code + RO Data)                34760 (  33.95kB)
    Total RW  Size (RW Data + ZI Data)             35480 (  34.65kB)
    Total ROM Size (Code + RO Data + RW Data)      35040 (  34.22kB)

==============================================================================

